    1  // Keep in sync with the enum Script_Action_Type in Script.h
    2  
    3  {0}{DO_NOTHING}
    4  {1}{RETURN_SKIP}
    5  {2}{RETURN_RUN}
    6  {3}{GO_TO_LINE}
    7  {4}{DIALOG}
    8  {5}{REMOVE_SCRIPT}
    9  {6}{CHANGE_SCRIPT}
   10  {7}{CALL_SCRIPT}
   11  {8}{SET_LOCAL_FLAG}
   12  {9}{CLEAR_LOCAL_FLAG}
   13  {10}{NUM_ASSIGN}
   14  {11}{NUM_ADD}
   15  {12}{NUM_SUBTRACT}
   16  {13}{NUM_MULTIPLY}
   17  {14}{NUM_DIVIDE}
   18  {15}{OBJ_ASSIGN}
   19  {16}{SET_PC_QUEST_STATE}
   20  {17}{SET_GLOBAL_QUEST_STATE}
   21  {18}{LOOP_FOR}
   22  {19}{LOOP_END}
   23  {20}{LOOP_BREAK}
   24  {21}{CRITTER_PARTY_ADD}
   25  {22}{CRITTER_PARTY_REMOVE}
   26  {23}{FLOAT_LINE}
   27  {24}{PRINT_LINE}
   28  {25}{BLESSING_ADD}
   29  {26}{BLESSING_REMOVE}
   30  {27}{CURSE_ADD}
   31  {28}{CURSE_REMOVE}
   32  {29}{STORE_REACTION}
   33  {30}{SET_REACTION}
   34  {31}{ADJUST_REACTION}
   35  {32}{STORE_ARMOR}
   36  {33}{STORE_STAT}
   37  {34}{STORE_OBJECT_TYPE}
   38  {35}{ADJUST_GOLD}
   39  {36}{CRITTER_ATTACK}
   40  {37}{RANDOM_NUMBER}
   41  {38}{SOCIAL_CLASS}
   42  {39}{NPC_ORIGIN_STORE}
   43  {40}{TRANSFORM_TO_BASIC_PROTO}
   44  {41}{TRANSFER_NAMED_ITEM}
   45  {42}{STORY_STATE_STORE}
   46  {43}{STORY_STATE_SET}
   47  {44}{TELEPORT_OBJECT}
   48  {45}{DAY_STAND_POINT_SET_CURRENT_MAP}
   49  {46}{NIGHT_STAND_POINT_SET_CURRENT_MAP}
   50  {47}{SKILL_STORE}
   51  {48}{CAST_SPELL}
   52  {49}{MARK_LOCATION}
   53  {50}{SET_RUMOR}
   54  {51}{QUELL_RUMOR}
   55  {52}{OBJ_CREATE}
   56  {53}{LOCK_STATE_SET}
   57  {54}{CALL_SCRIPT_IN_SECONDS}
   58  {55}{CALL_SCRIPT_AT_SECOND}
   59  {56}{OBJ_STATE_TOGGLE}
   60  {57}{OBJ_INVULNERABLE_TOGGLE}
   61  {58}{OBJ_KILL}
   62  {59}{ART_CHANGE}
   63  {60}{OBJ_DAMAGE}
   64  {61}{CAST_SPELL_GLOBAL}
   65  {62}{OBJ_ANIMATE}
   66  {63}{GIVE_XP_QUEST_LEVEL}
   67  {64}{WRITTEN_UI_START_BOOK}
   68  {65}{WRITTEN_UI_START_IMAGE}
   69  {66}{CREATE_ITEM_INSIDE_OBJ}
   70  {67}{CRITTEr_WAIT_LEADER}
   71  {68}{OBJ_DESTROY}
   72  {69}{CRITTER_WALk}
   73  {70}{STORE_WEAPON}
   74  {71}{OBJ_DISTANCE_GET}
   75  {72}{OBJ_GIVE_REP}
   76  {73}{OBJ_REMOVE_REP}
   77  {74}{CRITTER_RUN}
   78  {75}{HEAL_POINTS}
   79  {76}{HEAL_FATIGUE}
   80  {77}{OBJ_EFFECT_GIVE}
   81  {78}{OBJ_EFFECT_REMOVE}
   82  {79}{USE_OBJ_ON_OBJ_WITH_SKILL_MOD)}
   83  {80}{ADJUST_MAGIC_TECH}
   84  {81}{CALL_SCRIPT_ATTACHED_TO}
   85  {82}{PLAY_SOUND}
   86  {83}{PLAY_SOUND_AT}
   87  {84}{OBJ_AREA_STORE}
   88  {85}{QUEUE_NEWSPAPER}
   89  {86}{FLOAT_NEWSPAPER_HEADLINE}
   90  {87}{PLAY_SOUND_SCHEME}
   91  {88}{OBJ_TOGGLE_OPEN_CLOSED}
   92  {89}{STORE_FACTION}
   93  {90}{SCROLL_DISTANCE_STORE}
   94  {91}{MAGIC_TECH_ADJUST}
   95  {92}{OBJ_RENAME}
   96  {93}{OBJ_PRONE}
   97  {94}{WRITTEN_START_IN_OBJ_SET}
   98  {95}{OBJ_LOCATION_STORE}
   99  {96}{STORE_DAYS_SINCE_STARTUP}
  100  {97}{STORE_GAME_HOUR}
  101  {98}{STORE_GAME_MINUTE}
  102  {99}{OBJ_CHANGE_SCRIPT_AT_POINT}
  103  {100}{SET_GLOBAL_FLAG}
  104  {101}{CLEAR_GLOBAL_FLAG}
  105  {102}{FADE_TELEPORT_MOVE}
  106  {103}{FADE_WAIT_PLAY_SFX_MOVIE}
  107  {104}{SPELL_EYECANDY_PLAY}
  108  {105}{STORE_HOURS_SINCE_STARTUP}
  109  {106}{BLOCKED_STATE_TOGGLE}
  110  {107}{HITPOINTS_STORE_CURRENT_MAX}
  111  {108}{FATIGUE_STORE_CURRENT_MAX}
  112  {109}{COMBAT_OBJ_FORCE_STOP}
  113  {110}{MONSTERGEN_TOGGLE}
  114  {111}{ARMOR_COVERAGE_STORE}
  115  {112}{OBJ_SPELL_MASTERY_GIVE}
  116  {113}{TOWNMAP_UNFOG}
  117  {114}{WRITTEN_UI_PLAQUE_START}
  118  {115}{OBJ_STEAL_100_COINS}
  119  {116}{STOP_SPELL_EYECANDY}
  120  {117}{GIVE_FATE_POINT}
  121  {118}{OBJ_FREE_SPELL_CAST}
  122  {119}{PC_QUEST_UNBOTCHED}
  123  {120}{PLAY_SCRIPT_EYECANDY}
  124  {121}{OBJ_UNRESISTABLE_SPELL_CAST}
  125  {122}{OBJ_FREE_UNRESISTABLE_SPELL_CAST}
  126  {123}{TOUCH_ART}
  127  {124}{STOP_SCRIPT_EYECANDY
*****       ^ _mesentry expected
  128  {125}{REMOVE_SCRIPT_CALL_FROM_QUEUE}
  129  {126}{DESTROY_ITEM}
  130  {127}{OBJ_INVENTORY_TOGGLE}
  131  {128}{OBJ_POISON_HEAL}
  132  {129}{DISPlAY_SCHEMATIC_UI}
  133  {130}{STOP_SPELL}
  134  {131}{QUEUE_SLIDE}
  135  {132}{END_GAME_PLAY_SLIDES}
  136  {133}{OBJ_SET_ROTATION}
  137  {134}{SET_OBJ_FACTION}
  138  {135}{DRAIN_CHARGES}
  139  {136}{GLOBAL_CAST_UNRESISTABLE_SPELL}
  140  {137}{OBJ_ADJUST_STAT}
  141  {138}{DAMAGE_OBJ_UNRESISTABLE}
  142  {139}{CHANGE_AUTOLEVEL_SCHEME}
  143  {140}{OBJ_SET_DAY_STANDPOINT_ON_MAP}
  144  {141}{OBJ_SET_NIGHT_STANDPOINT_ON_MAP}

    1 error