ArcDATLib event log - Started on 30.4.2026 22.08.51
-----------------------------------------------------------

30.4.2026 22.08.51 - DAT_LOAD: Opening database "E:\Games\Arcanum\arcanum3.dat".. 

30.4.2026 22.08.51 - DAT_LOAD: Got 1097 files.
Size: 9605011 bytes.
30.4.2026 22.08.51 - DAT_LOAD: Opening database "E:\Games\Arcanum\arcanum4.dat".. 

30.4.2026 22.08.51 - DAT_LOAD: Got 134 files.
Size: 447614 bytes.
30.4.2026 22.08.51 - LoadFile semes\action.mes: index=127
30.4.2026 22.08.51 - File is compressed
30.4.2026 22.08.51 - FILENAME_OVERRIDE: action.mes
30.4.2026 22.08.51 - LoadFile semes\condition.mes: index=1094
30.4.2026 22.08.51 - File is compressed
30.4.2026 22.08.51 - FILENAME_OVERRIDE: condition.mes
30.4.2026 22.08.51 - LoadFile semes\focus.mes: index=1095
30.4.2026 22.08.51 - File is compressed
30.4.2026 22.08.51 - FILENAME_OVERRIDE: focus.mes
30.4.2026 22.08.51 - LoadFile semes\value.mes: index=1096
30.4.2026 22.08.51 - File is compressed
30.4.2026 22.08.51 - FILENAME_OVERRIDE: value.mes
30.4.2026 22.08.51 - DAT_LOAD: Opening database "E:\Games\Arcanum\arcanum2.dat".. 

30.4.2026 22.08.51 - DAT_LOAD: Got 12365 files.
Size: 147991122 bytes.
30.4.2026 22.08.51 - Cleaning temp files in C:\CodeProjects\ScriptEd_v1_50\ extracted from E:\Games\Arcanum\arcanum3.dat... 
semes\condition.mes
semes\focus.mes
semes\value.mes
Clean up complete: 3 temp files removed.
30.4.2026 22.08.51 - Cleaning temp files in C:\CodeProjects\ScriptEd_v1_50\ extracted from E:\Games\Arcanum\arcanum4.dat... 
semes\action.mes
Clean up complete: 1 temp files removed.
30.4.2026 22.08.52 - DAT_LOAD: Opening database "E:\Games\Arcanum\Arcanum3.dat".. 

30.4.2026 22.08.52 - DAT_LOAD: Got 1097 files.
Size: 9605011 bytes.
30.4.2026 22.08.52 - LoadFile rules\xp_quest.mes: index=1092
30.4.2026 22.08.52 - File is compressed
30.4.2026 22.08.52 - FILENAME_OVERRIDE: C:\Users\tpitk\AppData\Local\Temp\xp_quest.mes
30.4.2026 22.08.52 - Cleaning temp files in C:\Users\tpitk\AppData\Local\Temp\ extracted from E:\Games\Arcanum\Arcanum3.dat... 
rules\xp_quest.mes
Clean up complete: 1 temp files removed.
30.4.2026 22.08.52 - DAT_LOAD: Opening database "E:\Games\Arcanum\Arcanum3.dat".. 

30.4.2026 22.08.52 - DAT_LOAD: Got 1097 files.
Size: 9605011 bytes.
30.4.2026 22.08.52 - LoadFile mes\description.mes: index=711
30.4.2026 22.08.52 - File is compressed
30.4.2026 22.08.52 - FILENAME_OVERRIDE: C:\Users\tpitk\AppData\Local\Temp\description.mes
30.4.2026 22.08.52 - Cleaning temp files in C:\Users\tpitk\AppData\Local\Temp\ extracted from E:\Games\Arcanum\Arcanum3.dat... 
mes\description.mes
Clean up complete: 1 temp files removed.
