
 Start         Length     Name                   Class
 0001:00000000 00096BE8H .text                   CODE
 0002:00000000 000031A0H .data                   DATA
 0002:000031A0 00001379H .bss                    BSS


Detailed map of segments

 0001:00000000 000055DB C=CODE     S=.text    G=(none)   M=System   ACBP=A9
 0001:000055DC 000001CC C=CODE     S=.text    G=(none)   M=SysInit  ACBP=A9
 0001:000057A8 00000090 C=CODE     S=.text    G=(none)   M=Types    ACBP=A9
 0001:00005838 00000DC8 C=CODE     S=.text    G=(none)   M=Windows  ACBP=A9
 0001:00006600 00000038 C=CODE     S=.text    G=(none)   M=Messages ACBP=A9
 0001:00006638 00000348 C=CODE     S=.text    G=(none)   M=SysConst ACBP=A9
 0001:00006980 00006DF4 C=CODE     S=.text    G=(none)   M=SysUtils ACBP=A9
 0001:0000D774 00000823 C=CODE     S=.text    G=(none)   M=VarUtils ACBP=A9
 0001:0000DF98 0000779E C=CODE     S=.text    G=(none)   M=Variants ACBP=A9
 0001:00015738 00000138 C=CODE     S=.text    G=(none)   M=RTLConsts ACBP=A9
 0001:00015870 000017E8 C=CODE     S=.text    G=(none)   M=TypInfo  ACBP=A9
 0001:00017058 000000E8 C=CODE     S=.text    G=(none)   M=ActiveX  ACBP=A9
 0001:00017140 000097CA C=CODE     S=.text    G=(none)   M=Classes  ACBP=A9
 0001:0002090C 00000330 C=CODE     S=.text    G=(none)   M=Consts   ACBP=A9
 0001:00020C3C 000097CB C=CODE     S=.text    G=(none)   M=Graphics ACBP=A9
 0001:0002A408 00000048 C=CODE     S=.text    G=(none)   M=Math     ACBP=A9
 0001:0002A450 000002C0 C=CODE     S=.text    G=(none)   M=Contnrs  ACBP=A9
 0001:0002A710 00000198 C=CODE     S=.text    G=(none)   M=CommCtrl ACBP=A9
 0001:0002A8A8 00000787 C=CODE     S=.text    G=(none)   M=MultiMon ACBP=A9
 0001:0002B030 00000038 C=CODE     S=.text    G=(none)   M=Imm      ACBP=A9
 0001:0002B068 00000FF8 C=CODE     S=.text    G=(none)   M=HelpIntfs ACBP=A9
 0001:0002C060 00000038 C=CODE     S=.text    G=(none)   M=WinSpool ACBP=A9
 0001:0002C098 00000044 C=CODE     S=.text    G=(none)   M=Printers ACBP=A9
 0001:0002C0DC 0000031F C=CODE     S=.text    G=(none)   M=FlatSB   ACBP=A9
 0001:0002C3FC 000001A4 C=CODE     S=.text    G=(none)   M=SyncObjs ACBP=A9
 0001:0002C5A0 000009BB C=CODE     S=.text    G=(none)   M=UxTheme  ACBP=A9
 0001:0002CF5C 00000038 C=CODE     S=.text    G=(none)   M=RichEdit ACBP=A9
 0001:0002CF94 00000038 C=CODE     S=.text    G=(none)   M=ToolWin  ACBP=A9
 0001:0002CFCC 00000050 C=CODE     S=.text    G=(none)   M=ShellAPI ACBP=A9
 0001:0002D01C 00000038 C=CODE     S=.text    G=(none)   M=RegStr   ACBP=A9
 0001:0002D054 00000038 C=CODE     S=.text    G=(none)   M=WinInet  ACBP=A9
 0001:0002D08C 00000038 C=CODE     S=.text    G=(none)   M=UrlMon   ACBP=A9
 0001:0002D0C4 000000A0 C=CODE     S=.text    G=(none)   M=ShlObj   ACBP=A9
 0001:0002D164 00000048 C=CODE     S=.text    G=(none)   M=CommDlg  ACBP=A9
 0001:0002D1AC 00000038 C=CODE     S=.text    G=(none)   M=Dlgs     ACBP=A9
 0001:0002D1E4 00002459 C=CODE     S=.text    G=(none)   M=Dialogs  ACBP=A9
 0001:0002F640 0000241E C=CODE     S=.text    G=(none)   M=ExtCtrls ACBP=A9
 0001:00031A60 00000038 C=CODE     S=.text    G=(none)   M=ComStrs  ACBP=A9
 0001:00031A98 0000069C C=CODE     S=.text    G=(none)   M=Clipbrd  ACBP=A9
 0001:00032134 00000038 C=CODE     S=.text    G=(none)   M=StrUtils ACBP=A9
 0001:0003216C 00002775 C=CODE     S=.text    G=(none)   M=Buttons  ACBP=A9
 0001:000348E4 00000DFC C=CODE     S=.text    G=(none)   M=ExtDlgs  ACBP=A9
 0001:000356E0 00000068 C=CODE     S=.text    G=(none)   M=IniFiles ACBP=A9
 0001:00035748 00000068 C=CODE     S=.text    G=(none)   M=Registry ACBP=A9
 0001:000357B0 0000006C C=CODE     S=.text    G=(none)   M=Mapi     ACBP=A9
 0001:0003581C 00000058 C=CODE     S=.text    G=(none)   M=ExtActns ACBP=A9
 0001:00035874 00000038 C=CODE     S=.text    G=(none)   M=ListActns ACBP=A9
 0001:000358AC 00000C98 C=CODE     S=.text    G=(none)   M=ComCtrls ACBP=A9
 0001:00036544 00000BF0 C=CODE     S=.text    G=(none)   M=Themes   ACBP=A9
 0001:00037134 000051B8 C=CODE     S=.text    G=(none)   M=StdCtrls ACBP=A9
 0001:0003C2EC 00000168 C=CODE     S=.text    G=(none)   M=StdActns ACBP=A9
 0001:0003C454 00000D1F C=CODE     S=.text    G=(none)   M=WinHelpViewer ACBP=A9
 0001:0003D174 00010F07 C=CODE     S=.text    G=(none)   M=Controls ACBP=A9
 0001:0004E07C 00001292 C=CODE     S=.text    G=(none)   M=ActnList ACBP=A9
 0001:0004F310 00001CC0 C=CODE     S=.text    G=(none)   M=ImgList  ACBP=A9
 0001:00050FD0 000066AD C=CODE     S=.text    G=(none)   M=Menus    ACBP=A9
 0001:00057680 0000C498 C=CODE     S=.text    G=(none)   M=Forms    ACBP=A9
 0001:00063B18 00000A2C C=CODE     S=.text    G=(none)   M=MaskUtils ACBP=A9
 0001:00064544 00002080 C=CODE     S=.text    G=(none)   M=Mask     ACBP=A9
 0001:000665C4 00000861 C=CODE     S=.text    G=(none)   M=JclUnitVersioning ACBP=A9
 0001:00066E28 00000149 C=CODE     S=.text    G=(none)   M=JvWin32  ACBP=A9
 0001:00066F74 00000149 C=CODE     S=.text    G=(none)   M=JvConsts ACBP=A9
 0001:000670C0 000003D5 C=CODE     S=.text    G=(none)   M=JvResources ACBP=A9
 0001:00067498 00000E9B C=CODE     S=.text    G=(none)   M=JvTypes  ACBP=A9
 0001:00068334 000003A1 C=CODE     S=.text    G=(none)   M=JclResources ACBP=A9
 0001:000686D8 00000155 C=CODE     S=.text    G=(none)   M=JclBase  ACBP=A9
 0001:00068830 00000038 C=CODE     S=.text    G=(none)   M=AccCtrl  ACBP=A9
 0001:00068868 00000161 C=CODE     S=.text    G=(none)   M=JclWin32 ACBP=A9
 0001:000689CC 00000183 C=CODE     S=.text    G=(none)   M=JclWideStrings ACBP=A9
 0001:00068B50 00000155 C=CODE     S=.text    G=(none)   M=JclLogic ACBP=A9
 0001:00068CA8 0000023B C=CODE     S=.text    G=(none)   M=JclStrings ACBP=A9
 0001:00068EE4 00000038 C=CODE     S=.text    G=(none)   M=WinSock  ACBP=A9
 0001:00068F1C 00000038 C=CODE     S=.text    G=(none)   M=Snmp     ACBP=A9
 0001:00068F54 00000038 C=CODE     S=.text    G=(none)   M=TlHelp32 ACBP=A9
 0001:00068F8C 00000038 C=CODE     S=.text    G=(none)   M=PsAPI    ACBP=A9
 0001:00068FC4 00000207 C=CODE     S=.text    G=(none)   M=JclRegistry ACBP=A9
 0001:000691CC 00000155 C=CODE     S=.text    G=(none)   M=Jcl8087  ACBP=A9
 0001:00069324 00000159 C=CODE     S=.text    G=(none)   M=JclIniFiles ACBP=A9
 0001:00069480 000007E8 C=CODE     S=.text    G=(none)   M=JclSysInfo ACBP=A9
 0001:00069C68 0000015D C=CODE     S=.text    G=(none)   M=JclShell ACBP=A9
 0001:00069DC8 00000155 C=CODE     S=.text    G=(none)   M=JclSecurity ACBP=A9
 0001:00069F20 00000155 C=CODE     S=.text    G=(none)   M=JclDateTime ACBP=A9
 0001:0006A078 00000245 C=CODE     S=.text    G=(none)   M=JclFileUtils ACBP=A9
 0001:0006A2C0 00000159 C=CODE     S=.text    G=(none)   M=JclConsole ACBP=A9
 0001:0006A41C 00000155 C=CODE     S=.text    G=(none)   M=JclMath  ACBP=A9
 0001:0006A574 0000044E C=CODE     S=.text    G=(none)   M=JclSysUtils ACBP=A9
 0001:0006A9C4 000004EE C=CODE     S=.text    G=(none)   M=JvThemes ACBP=A9
 0001:0006AEB4 00000175 C=CODE     S=.text    G=(none)   M=JVCLVer  ACBP=A9
 0001:0006B02C 00001089 C=CODE     S=.text    G=(none)   M=JvExControls ACBP=A9
 0001:0006C0B8 00000E75 C=CODE     S=.text    G=(none)   M=JvExMask ACBP=A9
 0001:0006CF30 00000040 C=CODE     S=.text    G=(none)   M=FileCtrl ACBP=A9
 0001:0006CF70 00000038 C=CODE     S=.text    G=(none)   M=JvVCL5Utils ACBP=A9
 0001:0006CFA8 00000149 C=CODE     S=.text    G=(none)   M=JvComponentBase ACBP=A9
 0001:0006D0F4 00000149 C=CODE     S=.text    G=(none)   M=JvExForms ACBP=A9
 0001:0006D240 0000014D C=CODE     S=.text    G=(none)   M=JvExStdCtrls ACBP=A9
 0001:0006D390 00000145 C=CODE     S=.text    G=(none)   M=JvComponent ACBP=A9
 0001:0006D4D8 00000038 C=CODE     S=.text    G=(none)   M=Grids    ACBP=A9
 0001:0006D510 00000058 C=CODE     S=.text    G=(none)   M=ComConst ACBP=A9
 0001:0006D568 00000E65 C=CODE     S=.text    G=(none)   M=ComObj   ACBP=A9
 0001:0006E3D0 00000038 C=CODE     S=.text    G=(none)   M=MMSystem ACBP=A9
 0001:0006E408 000008B1 C=CODE     S=.text    G=(none)   M=JvJCLUtils ACBP=A9
 0001:0006ECBC 000002DA C=CODE     S=.text    G=(none)   M=JclRTTI  ACBP=A9
 0001:0006EF98 00000155 C=CODE     S=.text    G=(none)   M=JclMime  ACBP=A9
 0001:0006F0F0 00000159 C=CODE     S=.text    G=(none)   M=JclSynch ACBP=A9
 0001:0006F24C 00000145 C=CODE     S=.text    G=(none)   M=JvStrings ACBP=A9
 0001:0006F394 00000329 C=CODE     S=.text    G=(none)   M=JvPropertyStore ACBP=A9
 0001:0006F6C0 00000050 C=CODE     S=.text    G=(none)   M=JConsts  ACBP=A9
 0001:0006F710 000133EC C=CODE     S=.text    G=(none)   M=jpeg     ACBP=A9
 0001:00082AFC 00000151 C=CODE     S=.text    G=(none)   M=JvProgressUtils ACBP=A9
 0001:00082C50 0000014D C=CODE     S=.text    G=(none)   M=JvTranslateString ACBP=A9
 0001:00082DA0 00000246 C=CODE     S=.text    G=(none)   M=JvAppStorage ACBP=A9
 0001:00082FE8 000013CA C=CODE     S=.text    G=(none)   M=JvJVCLUtils ACBP=A9
 0001:000843B4 0000014D C=CODE     S=.text    G=(none)   M=JvButton ACBP=A9
 0001:00084504 0000444D C=CODE     S=.text    G=(none)   M=JvSpeedButton ACBP=A9
 0001:00088954 00000070 C=CODE     S=.text    G=(none)   M=DateUtils ACBP=A9
 0001:000889C4 00000058 C=CODE     S=.text    G=(none)   M=DBConsts ACBP=A9
 0001:00088A1C 00000E13 C=CODE     S=.text    G=(none)   M=SqlTimSt ACBP=A9
 0001:00089830 000035FF C=CODE     S=.text    G=(none)   M=FMTBcd   ACBP=A9
 0001:0008CE30 00000508 C=CODE     S=.text    G=(none)   M=DB       ACBP=A9
 0001:0008D338 00000AC4 C=CODE     S=.text    G=(none)   M=JvDataSourceIntf ACBP=A9
 0001:0008DDFC 00000145 C=CODE     S=.text    G=(none)   M=JvBaseDlg ACBP=A9
 0001:0008DF44 00000149 C=CODE     S=.text    G=(none)   M=JvBrowseFolder ACBP=A9
 0001:0008E090 00000149 C=CODE     S=.text    G=(none)   M=JvExGrids ACBP=A9
 0001:0008E1DC 00000149 C=CODE     S=.text    G=(none)   M=JvPickDate ACBP=A9
 0001:0008E328 000060D1 C=CODE     S=.text    G=(none)   M=JvToolEdit ACBP=A9
 0001:000943FC 00000CF9 C=CODE     S=.text    G=(none)   M=JvExComCtrls ACBP=A9
 0001:000950F8 000005D1 C=CODE     S=.text    G=(none)   M=JvHotKey ACBP=A9
 0001:000956CC 00000F78 C=CODE     S=.text    G=(none)   M=plgwind  ACBP=A9
 0001:00096644 00000038 C=CODE     S=.text    G=(none)   M=pluginfunc ACBP=A9
 0001:0009667C 00000569 C=CODE     S=.text    G=(none)   M=DEV_PluginCreator ACBP=A9
 0002:00000000 0000009C C=DATA     S=.data    G=DGROUP   M=System   ACBP=A9
 0002:0000009C 00000030 C=DATA     S=.data    G=DGROUP   M=SysInit  ACBP=A9
 0002:000000CC 00000250 C=DATA     S=.data    G=DGROUP   M=SysUtils ACBP=A9
 0002:0000031C 00000110 C=DATA     S=.data    G=DGROUP   M=VarUtils ACBP=A9
 0002:0000042C 00000092 C=DATA     S=.data    G=DGROUP   M=Variants ACBP=A9
 0002:000004C0 0000000C C=DATA     S=.data    G=DGROUP   M=TypInfo  ACBP=A9
 0002:000004CC 00000010 C=DATA     S=.data    G=DGROUP   M=ActiveX  ACBP=A9
 0002:000004DC 00000064 C=DATA     S=.data    G=DGROUP   M=Classes  ACBP=A9
 0002:00000540 0000030C C=DATA     S=.data    G=DGROUP   M=Graphics ACBP=A9
 0002:0000084C 00000004 C=DATA     S=.data    G=DGROUP   M=Printers ACBP=A9
 0002:00000850 00000114 C=DATA     S=.data    G=DGROUP   M=Dialogs  ACBP=A9
 0002:00000964 0000018C C=DATA     S=.data    G=DGROUP   M=ExtCtrls ACBP=A9
 0002:00000AF0 00000046 C=DATA     S=.data    G=DGROUP   M=Buttons  ACBP=A9
 0002:00000B38 00000008 C=DATA     S=.data    G=DGROUP   M=IniFiles ACBP=A9
 0002:00000B40 00000008 C=DATA     S=.data    G=DGROUP   M=Registry ACBP=A9
 0002:00000B48 00000008 C=DATA     S=.data    G=DGROUP   M=Mapi     ACBP=A9
 0002:00000B50 00000018 C=DATA     S=.data    G=DGROUP   M=ComCtrls ACBP=A9
 0002:00000B68 00000068 C=DATA     S=.data    G=DGROUP   M=Themes   ACBP=A9
 0002:00000BD0 00000090 C=DATA     S=.data    G=DGROUP   M=StdCtrls ACBP=A9
 0002:00000C60 0000013C C=DATA     S=.data    G=DGROUP   M=Controls ACBP=A9
 0002:00000D9C 00000020 C=DATA     S=.data    G=DGROUP   M=ImgList  ACBP=A9
 0002:00000DBC 000000EC C=DATA     S=.data    G=DGROUP   M=Menus    ACBP=A9
 0002:00000EA8 0000011C C=DATA     S=.data    G=DGROUP   M=Forms    ACBP=A9
 0002:00000FC4 00000009 C=DATA     S=.data    G=DGROUP   M=MaskUtils ACBP=A9
 0002:00000FD0 00000004 C=DATA     S=.data    G=DGROUP   M=Mask     ACBP=A9
 0002:00000FD4 00000024 C=DATA     S=.data    G=DGROUP   M=JclUnitVersioning ACBP=A9
 0002:00000FF8 00000018 C=DATA     S=.data    G=DGROUP   M=JvWin32  ACBP=A9
 0002:00001010 00000028 C=DATA     S=.data    G=DGROUP   M=JvConsts ACBP=A9
 0002:00001038 00000018 C=DATA     S=.data    G=DGROUP   M=JvResources ACBP=A9
 0002:00001050 00000450 C=DATA     S=.data    G=DGROUP   M=JvTypes  ACBP=A9
 0002:000014A0 00000018 C=DATA     S=.data    G=DGROUP   M=JclResources ACBP=A9
 0002:000014B8 00000018 C=DATA     S=.data    G=DGROUP   M=JclBase  ACBP=A9
 0002:000014D0 00000018 C=DATA     S=.data    G=DGROUP   M=JclWin32 ACBP=A9
 0002:000014E8 0000001C C=DATA     S=.data    G=DGROUP   M=JclWideStrings ACBP=A9
 0002:00001504 00000018 C=DATA     S=.data    G=DGROUP   M=JclLogic ACBP=A9
 0002:0000151C 00000019 C=DATA     S=.data    G=DGROUP   M=JclStrings ACBP=A9
 0002:00001538 00000088 C=DATA     S=.data    G=DGROUP   M=JclRegistry ACBP=A9
 0002:000015C0 00000018 C=DATA     S=.data    G=DGROUP   M=Jcl8087  ACBP=A9
 0002:000015D8 00000018 C=DATA     S=.data    G=DGROUP   M=JclIniFiles ACBP=A9
 0002:000015F0 00000508 C=DATA     S=.data    G=DGROUP   M=JclSysInfo ACBP=A9
 0002:00001AF8 0000001C C=DATA     S=.data    G=DGROUP   M=JclShell ACBP=A9
 0002:00001B14 00000018 C=DATA     S=.data    G=DGROUP   M=JclSecurity ACBP=A9
 0002:00001B2C 00000018 C=DATA     S=.data    G=DGROUP   M=JclDateTime ACBP=A9
 0002:00001B44 00000018 C=DATA     S=.data    G=DGROUP   M=JclFileUtils ACBP=A9
 0002:00001B5C 00000018 C=DATA     S=.data    G=DGROUP   M=JclConsole ACBP=A9
 0002:00001B74 00000018 C=DATA     S=.data    G=DGROUP   M=JclMath  ACBP=A9
 0002:00001B8C 00000028 C=DATA     S=.data    G=DGROUP   M=JclSysUtils ACBP=A9
 0002:00001BB4 00000018 C=DATA     S=.data    G=DGROUP   M=JvThemes ACBP=A9
 0002:00001BCC 00000018 C=DATA     S=.data    G=DGROUP   M=JVCLVer  ACBP=A9
 0002:00001BE4 00000020 C=DATA     S=.data    G=DGROUP   M=JvExControls ACBP=A9
 0002:00001C04 00000018 C=DATA     S=.data    G=DGROUP   M=JvExMask ACBP=A9
 0002:00001C1C 00000018 C=DATA     S=.data    G=DGROUP   M=JvComponentBase ACBP=A9
 0002:00001C34 00000018 C=DATA     S=.data    G=DGROUP   M=JvExForms ACBP=A9
 0002:00001C4C 00000018 C=DATA     S=.data    G=DGROUP   M=JvExStdCtrls ACBP=A9
 0002:00001C64 00000018 C=DATA     S=.data    G=DGROUP   M=JvComponent ACBP=A9
 0002:00001C7C 00000030 C=DATA     S=.data    G=DGROUP   M=ComObj   ACBP=A9
 0002:00001CAC 00000060 C=DATA     S=.data    G=DGROUP   M=JvJCLUtils ACBP=A9
 0002:00001D0C 00000018 C=DATA     S=.data    G=DGROUP   M=JclRTTI  ACBP=A9
 0002:00001D24 00000018 C=DATA     S=.data    G=DGROUP   M=JclMime  ACBP=A9
 0002:00001D3C 00000018 C=DATA     S=.data    G=DGROUP   M=JclSynch ACBP=A9
 0002:00001D54 00000018 C=DATA     S=.data    G=DGROUP   M=JvStrings ACBP=A9
 0002:00001D6C 00000060 C=DATA     S=.data    G=DGROUP   M=JvPropertyStore ACBP=A9
 0002:00001DCC 00000908 C=DATA     S=.data    G=DGROUP   M=jpeg     ACBP=A9
 0002:000026D4 0000001C C=DATA     S=.data    G=DGROUP   M=JvProgressUtils ACBP=A9
 0002:000026F0 00000018 C=DATA     S=.data    G=DGROUP   M=JvTranslateString ACBP=A9
 0002:00002708 00000018 C=DATA     S=.data    G=DGROUP   M=JvAppStorage ACBP=A9
 0002:00002720 00000050 C=DATA     S=.data    G=DGROUP   M=JvJVCLUtils ACBP=A9
 0002:00002770 0000001C C=DATA     S=.data    G=DGROUP   M=JvButton ACBP=A9
 0002:0000278C 00000028 C=DATA     S=.data    G=DGROUP   M=JvSpeedButton ACBP=A9
 0002:000027B4 0000003C C=DATA     S=.data    G=DGROUP   M=SqlTimSt ACBP=A9
 0002:000027F0 0000003A C=DATA     S=.data    G=DGROUP   M=FMTBcd   ACBP=A9
 0002:0000282C 00000098 C=DATA     S=.data    G=DGROUP   M=DB       ACBP=A9
 0002:000028C4 00000018 C=DATA     S=.data    G=DGROUP   M=JvBaseDlg ACBP=A9
 0002:000028DC 00000018 C=DATA     S=.data    G=DGROUP   M=JvBrowseFolder ACBP=A9
 0002:000028F4 00000018 C=DATA     S=.data    G=DGROUP   M=JvExGrids ACBP=A9
 0002:0000290C 00000018 C=DATA     S=.data    G=DGROUP   M=JvPickDate ACBP=A9
 0002:00002924 000000F4 C=DATA     S=.data    G=DGROUP   M=JvToolEdit ACBP=A9
 0002:00002A18 00000018 C=DATA     S=.data    G=DGROUP   M=JvExComCtrls ACBP=A9
 0002:00002A30 00000018 C=DATA     S=.data    G=DGROUP   M=JvHotKey ACBP=A9
 0002:00004000 00000664 C=BSS      S=.bss     G=DGROUP   M=System   ACBP=A9
 0002:00004664 00000014 C=BSS      S=.bss     G=DGROUP   M=SysInit  ACBP=A9
 0002:00004678 00000004 C=BSS      S=.bss     G=DGROUP   M=Types    ACBP=A9
 0002:0000467C 00000004 C=BSS      S=.bss     G=DGROUP   M=Windows  ACBP=A9
 0002:00004680 00000004 C=BSS      S=.bss     G=DGROUP   M=Messages ACBP=A9
 0002:00004684 00000004 C=BSS      S=.bss     G=DGROUP   M=SysConst ACBP=A9
 0002:00004688 00000120 C=BSS      S=.bss     G=DGROUP   M=SysUtils ACBP=A9
 0002:000047A8 0000005C C=BSS      S=.bss     G=DGROUP   M=VarUtils ACBP=A9
 0002:00004804 00000040 C=BSS      S=.bss     G=DGROUP   M=Variants ACBP=A9
 0002:00004844 00000004 C=BSS      S=.bss     G=DGROUP   M=RTLConsts ACBP=A9
 0002:00004848 00000004 C=BSS      S=.bss     G=DGROUP   M=TypInfo  ACBP=A9
 0002:0000484C 00000004 C=BSS      S=.bss     G=DGROUP   M=ActiveX  ACBP=A9
 0002:00004850 00000040 C=BSS      S=.bss     G=DGROUP   M=Classes  ACBP=A9
 0002:00004890 00000004 C=BSS      S=.bss     G=DGROUP   M=Consts   ACBP=A9
 0002:00004894 00000060 C=BSS      S=.bss     G=DGROUP   M=Graphics ACBP=A9
 0002:000048F4 00000004 C=BSS      S=.bss     G=DGROUP   M=Math     ACBP=A9
 0002:000048F8 00000004 C=BSS      S=.bss     G=DGROUP   M=Contnrs  ACBP=A9
 0002:000048FC 0000000C C=BSS      S=.bss     G=DGROUP   M=CommCtrl ACBP=A9
 0002:00004908 00000031 C=BSS      S=.bss     G=DGROUP   M=MultiMon ACBP=A9
 0002:0000493C 00000004 C=BSS      S=.bss     G=DGROUP   M=Imm      ACBP=A9
 0002:00004940 00000008 C=BSS      S=.bss     G=DGROUP   M=HelpIntfs ACBP=A9
 0002:00004948 00000004 C=BSS      S=.bss     G=DGROUP   M=WinSpool ACBP=A9
 0002:0000494C 00000004 C=BSS      S=.bss     G=DGROUP   M=Printers ACBP=A9
 0002:00004950 00000034 C=BSS      S=.bss     G=DGROUP   M=FlatSB   ACBP=A9
 0002:00004984 00000004 C=BSS      S=.bss     G=DGROUP   M=SyncObjs ACBP=A9
 0002:00004988 000000CC C=BSS      S=.bss     G=DGROUP   M=UxTheme  ACBP=A9
 0002:00004A54 00000004 C=BSS      S=.bss     G=DGROUP   M=RichEdit ACBP=A9
 0002:00004A58 00000004 C=BSS      S=.bss     G=DGROUP   M=ToolWin  ACBP=A9
 0002:00004A5C 00000004 C=BSS      S=.bss     G=DGROUP   M=ShellAPI ACBP=A9
 0002:00004A60 00000004 C=BSS      S=.bss     G=DGROUP   M=RegStr   ACBP=A9
 0002:00004A64 00000004 C=BSS      S=.bss     G=DGROUP   M=WinInet  ACBP=A9
 0002:00004A68 00000004 C=BSS      S=.bss     G=DGROUP   M=UrlMon   ACBP=A9
 0002:00004A6C 00000004 C=BSS      S=.bss     G=DGROUP   M=ShlObj   ACBP=A9
 0002:00004A70 00000004 C=BSS      S=.bss     G=DGROUP   M=CommDlg  ACBP=A9
 0002:00004A74 00000004 C=BSS      S=.bss     G=DGROUP   M=Dlgs     ACBP=A9
 0002:00004A78 00000038 C=BSS      S=.bss     G=DGROUP   M=Dialogs  ACBP=A9
 0002:00004AB0 00000004 C=BSS      S=.bss     G=DGROUP   M=ExtCtrls ACBP=A9
 0002:00004AB4 00000004 C=BSS      S=.bss     G=DGROUP   M=ComStrs  ACBP=A9
 0002:00004AB8 0000000C C=BSS      S=.bss     G=DGROUP   M=Clipbrd  ACBP=A9
 0002:00004AC4 00000004 C=BSS      S=.bss     G=DGROUP   M=StrUtils ACBP=A9
 0002:00004AC8 00000030 C=BSS      S=.bss     G=DGROUP   M=Buttons  ACBP=A9
 0002:00004AF8 00000004 C=BSS      S=.bss     G=DGROUP   M=ExtDlgs  ACBP=A9
 0002:00004AFC 00000004 C=BSS      S=.bss     G=DGROUP   M=IniFiles ACBP=A9
 0002:00004B00 00000004 C=BSS      S=.bss     G=DGROUP   M=Registry ACBP=A9
 0002:00004B04 00000004 C=BSS      S=.bss     G=DGROUP   M=Mapi     ACBP=A9
 0002:00004B08 00000009 C=BSS      S=.bss     G=DGROUP   M=ExtActns ACBP=A9
 0002:00004B14 00000004 C=BSS      S=.bss     G=DGROUP   M=ListActns ACBP=A9
 0002:00004B18 00000010 C=BSS      S=.bss     G=DGROUP   M=ComCtrls ACBP=A9
 0002:00004B28 00000008 C=BSS      S=.bss     G=DGROUP   M=Themes   ACBP=A9
 0002:00004B30 00000004 C=BSS      S=.bss     G=DGROUP   M=StdCtrls ACBP=A9
 0002:00004B34 00000004 C=BSS      S=.bss     G=DGROUP   M=StdActns ACBP=A9
 0002:00004B38 00000014 C=BSS      S=.bss     G=DGROUP   M=WinHelpViewer ACBP=A9
 0002:00004B4C 00000080 C=BSS      S=.bss     G=DGROUP   M=Controls ACBP=A9
 0002:00004BCC 00000004 C=BSS      S=.bss     G=DGROUP   M=ActnList ACBP=A9
 0002:00004BD0 0000000C C=BSS      S=.bss     G=DGROUP   M=ImgList  ACBP=A9
 0002:00004BDC 00000010 C=BSS      S=.bss     G=DGROUP   M=Menus    ACBP=A9
 0002:00004BEC 00000020 C=BSS      S=.bss     G=DGROUP   M=Forms    ACBP=A9
 0002:00004C0C 00000004 C=BSS      S=.bss     G=DGROUP   M=MaskUtils ACBP=A9
 0002:00004C10 00000004 C=BSS      S=.bss     G=DGROUP   M=Mask     ACBP=A9
 0002:00004C14 00000004 C=BSS      S=.bss     G=DGROUP   M=JclUnitVersioning ACBP=A9
 0002:00004C18 00000004 C=BSS      S=.bss     G=DGROUP   M=JvWin32  ACBP=A9
 0002:00004C1C 00000004 C=BSS      S=.bss     G=DGROUP   M=JvConsts ACBP=A9
 0002:00004C20 00000004 C=BSS      S=.bss     G=DGROUP   M=JvResources ACBP=A9
 0002:00004C24 00000004 C=BSS      S=.bss     G=DGROUP   M=JvTypes  ACBP=A9
 0002:00004C28 00000004 C=BSS      S=.bss     G=DGROUP   M=JclResources ACBP=A9
 0002:00004C2C 00000004 C=BSS      S=.bss     G=DGROUP   M=JclBase  ACBP=A9
 0002:00004C30 00000004 C=BSS      S=.bss     G=DGROUP   M=AccCtrl  ACBP=A9
 0002:00004C34 00000004 C=BSS      S=.bss     G=DGROUP   M=JclWin32 ACBP=A9
 0002:00004C38 00000004 C=BSS      S=.bss     G=DGROUP   M=JclWideStrings ACBP=A9
 0002:00004C3C 00000004 C=BSS      S=.bss     G=DGROUP   M=JclLogic ACBP=A9
 0002:00004C40 00000504 C=BSS      S=.bss     G=DGROUP   M=JclStrings ACBP=A9
 0002:00005144 00000004 C=BSS      S=.bss     G=DGROUP   M=WinSock  ACBP=A9
 0002:00005148 00000004 C=BSS      S=.bss     G=DGROUP   M=Snmp     ACBP=A9
 0002:0000514C 00000004 C=BSS      S=.bss     G=DGROUP   M=TlHelp32 ACBP=A9
 0002:00005150 00000004 C=BSS      S=.bss     G=DGROUP   M=PsAPI    ACBP=A9
 0002:00005154 00000004 C=BSS      S=.bss     G=DGROUP   M=JclRegistry ACBP=A9
 0002:00005158 00000004 C=BSS      S=.bss     G=DGROUP   M=Jcl8087  ACBP=A9
 0002:0000515C 00000004 C=BSS      S=.bss     G=DGROUP   M=JclIniFiles ACBP=A9
 0002:00005160 00000010 C=BSS      S=.bss     G=DGROUP   M=JclSysInfo ACBP=A9
 0002:00005170 00000004 C=BSS      S=.bss     G=DGROUP   M=JclShell ACBP=A9
 0002:00005174 00000004 C=BSS      S=.bss     G=DGROUP   M=JclSecurity ACBP=A9
 0002:00005178 00000004 C=BSS      S=.bss     G=DGROUP   M=JclDateTime ACBP=A9
 0002:0000517C 00000004 C=BSS      S=.bss     G=DGROUP   M=JclFileUtils ACBP=A9
 0002:00005180 00000004 C=BSS      S=.bss     G=DGROUP   M=JclConsole ACBP=A9
 0002:00005184 00000004 C=BSS      S=.bss     G=DGROUP   M=JclMath  ACBP=A9
 0002:00005188 00000008 C=BSS      S=.bss     G=DGROUP   M=JclSysUtils ACBP=A9
 0002:00005190 00000008 C=BSS      S=.bss     G=DGROUP   M=JvThemes ACBP=A9
 0002:00005198 00000004 C=BSS      S=.bss     G=DGROUP   M=JVCLVer  ACBP=A9
 0002:0000519C 00000004 C=BSS      S=.bss     G=DGROUP   M=JvExControls ACBP=A9
 0002:000051A0 00000004 C=BSS      S=.bss     G=DGROUP   M=JvExMask ACBP=A9
 0002:000051A4 00000004 C=BSS      S=.bss     G=DGROUP   M=FileCtrl ACBP=A9
 0002:000051A8 00000004 C=BSS      S=.bss     G=DGROUP   M=JvVCL5Utils ACBP=A9
 0002:000051AC 00000004 C=BSS      S=.bss     G=DGROUP   M=JvComponentBase ACBP=A9
 0002:000051B0 00000004 C=BSS      S=.bss     G=DGROUP   M=JvExForms ACBP=A9
 0002:000051B4 00000004 C=BSS      S=.bss     G=DGROUP   M=JvExStdCtrls ACBP=A9
 0002:000051B8 00000004 C=BSS      S=.bss     G=DGROUP   M=JvComponent ACBP=A9
 0002:000051BC 00000004 C=BSS      S=.bss     G=DGROUP   M=Grids    ACBP=A9
 0002:000051C0 00000004 C=BSS      S=.bss     G=DGROUP   M=ComConst ACBP=A9
 0002:000051C4 00000011 C=BSS      S=.bss     G=DGROUP   M=ComObj   ACBP=A9
 0002:000051D8 00000004 C=BSS      S=.bss     G=DGROUP   M=MMSystem ACBP=A9
 0002:000051DC 00000004 C=BSS      S=.bss     G=DGROUP   M=JvJCLUtils ACBP=A9
 0002:000051E0 00000008 C=BSS      S=.bss     G=DGROUP   M=JclRTTI  ACBP=A9
 0002:000051E8 00000004 C=BSS      S=.bss     G=DGROUP   M=JclMime  ACBP=A9
 0002:000051EC 00000004 C=BSS      S=.bss     G=DGROUP   M=JclSynch ACBP=A9
 0002:000051F0 00000004 C=BSS      S=.bss     G=DGROUP   M=JvStrings ACBP=A9
 0002:000051F4 00000004 C=BSS      S=.bss     G=DGROUP   M=JvPropertyStore ACBP=A9
 0002:000051F8 00000004 C=BSS      S=.bss     G=DGROUP   M=JConsts  ACBP=A9
 0002:000051FC 00000004 C=BSS      S=.bss     G=DGROUP   M=jpeg     ACBP=A9
 0002:00005200 00000004 C=BSS      S=.bss     G=DGROUP   M=JvProgressUtils ACBP=A9
 0002:00005204 00000004 C=BSS      S=.bss     G=DGROUP   M=JvTranslateString ACBP=A9
 0002:00005208 00000008 C=BSS      S=.bss     G=DGROUP   M=JvAppStorage ACBP=A9
 0002:00005210 00000004 C=BSS      S=.bss     G=DGROUP   M=JvJVCLUtils ACBP=A9
 0002:00005214 00000004 C=BSS      S=.bss     G=DGROUP   M=JvButton ACBP=A9
 0002:00005218 00000014 C=BSS      S=.bss     G=DGROUP   M=JvSpeedButton ACBP=A9
 0002:0000522C 00000004 C=BSS      S=.bss     G=DGROUP   M=DateUtils ACBP=A9
 0002:00005230 00000004 C=BSS      S=.bss     G=DGROUP   M=DBConsts ACBP=A9
 0002:00005234 00000004 C=BSS      S=.bss     G=DGROUP   M=SqlTimSt ACBP=A9
 0002:00005238 00000004 C=BSS      S=.bss     G=DGROUP   M=FMTBcd   ACBP=A9
 0002:0000523C 0000000C C=BSS      S=.bss     G=DGROUP   M=DB       ACBP=A9
 0002:00005248 00000004 C=BSS      S=.bss     G=DGROUP   M=JvDataSourceIntf ACBP=A9
 0002:0000524C 00000004 C=BSS      S=.bss     G=DGROUP   M=JvBaseDlg ACBP=A9
 0002:00005250 00000004 C=BSS      S=.bss     G=DGROUP   M=JvBrowseFolder ACBP=A9
 0002:00005254 00000004 C=BSS      S=.bss     G=DGROUP   M=JvExGrids ACBP=A9
 0002:00005258 00000004 C=BSS      S=.bss     G=DGROUP   M=JvPickDate ACBP=A9
 0002:0000525C 00000004 C=BSS      S=.bss     G=DGROUP   M=JvToolEdit ACBP=A9
 0002:00005260 00000004 C=BSS      S=.bss     G=DGROUP   M=JvExComCtrls ACBP=A9
 0002:00005264 00000004 C=BSS      S=.bss     G=DGROUP   M=JvHotKey ACBP=A9
 0002:00005268 0000010C C=BSS      S=.bss     G=DGROUP   M=plgwind  ACBP=A9
 0002:00005374 00000004 C=BSS      S=.bss     G=DGROUP   M=pluginfunc ACBP=A9


  Address         Publics by Name

 0001:0007A60C       ..
 0001:000790B8       ..
 0002:00002074       ..
 0001:00078DE8       ..
 0001:00078AF4       ..
 0001:00077A64       ..
 0001:0007608C       ..
 0002:00001F68       ..
 0001:00075444       ..
 0001:00074E9C       ..
 0001:0007C588       ..
 0001:0007C698       ..
 0001:000748B0       ..
 0002:00002274       ..
 0002:00001EE8       ..
 0001:00073D24       ..
 0002:00001E68       ..
 0001:00072FFC       ..
 0001:0007D644       ..
 0001:000728BC       ..
 0001:0007DE6C       ..
 0001:000723F8       ..
 0001:0007E99C       ..
 0001:00071E94       ..
 0001:0007EAF8       ..
 0001:0007F034       ..
 0001:0007F838       ..
 0002:00001E58       ..
 0001:00071230       ..
 0001:0007FEC0       ..
 0001:000807E8       ..
 0002:00002614       ..
 0001:00080D00       ..
 0001:00081D6C       ..
 0001:0007738C       ..
 0002:00005180       .01
 0002:00005208       .01
 0002:00005200       .1
 0002:00004680       .1
 0002:000051E8       .1
 0002:000048FC       .1
 0002:00004928       .1
 0002:00004C30       .1
 0002:00005158       .1
 0002:000051F0       .1
 0002:00005230       .1
 0002:0000493C       .1
 0002:00004C28       .1
 0002:00005198       .1
 0002:00004C20       .1
 0002:000051F8       .1
 0002:00005144       .1
 0002:00005148       .1
 0002:00004970       .1
 0002:00004AB4       .1
 0002:00004C3C       .1
 0002:00004678       .1
 0002:000051A8       .1
 0002:00004B04       .1
 0002:00004B40       .1
 0002:00004A44       .1
 0002:000051C0       .1
 0002:00004A74       .1
 0002:00004A70       .1
 0002:00004C1C       .1
 0002:00004A6C       .1
 0002:00004A68       .1
 0002:00004684       .1
 0002:0000514C       .1
 0002:00004C18       .1
 0002:00004890       .1
 0002:00005234       .1
 0002:00004A64       .1
 0002:0000515C       .1
 0002:00004A60       .1
 0002:00004A5C       .1
 0002:0000522C       .1
 0002:00005150       .1
 0002:00004A54       .1
 0002:00004AC4       .1
 0002:00005170       .1
 0002:00005190       .1
 0002:00004844       .1
 0002:00004670       .1
 0002:000051BC       .11
 0002:00004A78       .11
 0002:00004AB0       .12
 0002:00004898       .12
 0002:000048F4       .2
 0002:00005204       .2
 0002:000051DC       .2
 0002:00004940       .2
 0002:00005154       .2
 0002:00005264       .2
 0002:00004B28       .2
 0002:00005250       .2
 0002:000051AC       .2
 0002:00004C0C       .2
 0002:00005258       .2
 0002:00005370       .2
 0002:00005178       .2
 0002:00004ABC       .2
 0002:00005174       .2
 0002:00005160       .2
 0002:00004C34       .2
 0002:000048F8       .21
 0002:00004AF8       .3
 0002:000051A0       .3
 0002:00004BD0       .3
 0002:000051B8       .3
 0002:000051FC       .3
 0002:00004C38       .3
 0002:00004948       .3
 0002:0000484C       .3
 0002:0000494C       .3
 0002:0000467C       .3
 0002:00005238       .3
 0002:00004798       .35
 0002:00004B18       .36
 0002:00005244       .36
 0002:0000524C       .4
 0002:00004A58       .4
 0002:00004AC8       .4
 0002:000051F4       .4
 0002:00005374       .4
 0002:000051E0       .4
 0002:00005214       .4
 0002:000051C4       .41
 0002:0000525C       .41
 0002:00004BF4       .41
 0002:0000517C       .42
 0002:00004B30       .42
 0002:0000485C       .45
 0002:00004800       .5
 0002:000045BC       .5
 0002:00004C2C       .5
 0002:000051A4       .5
 0002:00004C14       .5
 0002:00004B00       .5
 0002:00004C10       .5
 0002:00004C40       .6
 0002:00004848       .6
 0002:00004984       .6
 0002:00005248       .6
 0002:000051D8       .7
 0002:00005210       .7
 0002:00005184       .7
 0002:00004C24       .7
 0002:00004B54       .72
 0002:00004B08       .72
 0002:00004B34       .73
 0002:00005218       .8
 0002:00004B14       .8
 0002:0000518C       .8
 0002:00005254       .8
 0002:00004BCC       .8
 0002:00004AFC       .8
 0002:00004824       .81
 0002:000051B4       .81
 0002:0000519C       .9
 0002:00004BE4       .9
 0002:000051B0       .9
 0002:000051EC       .91
 0002:00005260       .92
 0001:00001D6C       @AbstractError
 0001:00002900       @AfterConstruction
 0001:0000272C       @AsClass
 0001:00001F10       @AStrCmp
 0001:00002910       @BeforeDestruction
 0001:000024AC       @BoundErr
 0001:00002778       @CallDynaInst
 0001:000028A8       @ClassCreate
 0001:000028F8       @ClassDestroy
 0001:00001DDC       @Close
 0001:00001C74       @Copy
 0001:00004094       @CopyArray
 0001:00003F78       @CopyRecord
 0001:00004238       @DispCallByIDError
 0001:0000EC30       @DispInvokeError
 0001:0000419C       @Dispose
 0001:00002D8C       @DoneExcept
 0001:000047CC       @DynArrayAsg
 0001:00004790       @DynArrayClear
 0001:00004670       @DynArrayCopy
 0001:00004690       @DynArrayCopyRange
 0001:00004490       @DynArrayHigh
 0001:00004488       @DynArrayLength
 0001:00004664       @DynArraySetLength
 0001:00002E74       @ExceptionHandler
 0001:00001F80       @FillChar
 0001:00003F54       @Finalize
 0001:00003E68       @FinalizeArray
 0001:00003E1C       @FinalizeRecord
 0001:00002790       @FindDynaInst
 0001:000024A0       @FpuInit
 0001:000023DC       @FpuMaskInit
 0001:00001AE8       @FreeMem
 0001:00001AB8       @GetMem
 0001:000056DC       @GetTls
 0001:00003388       @Halt
 0001:000032A8       @Halt0
 0001:00002A24       @HandleAnyException
 0001:00002CD8       @HandleFinally
 0001:00002B50       @HandleOnException
 0001:00003E10       @Initialize
 0001:00003D7C       @InitializeArray
 0001:00003D4C       @InitializeRecord
 0001:00003150       @InitImports
 0001:00005728       @InitLib
 0001:00003128       @InitResStringImports
 0001:00003104       @InitResStrings
 0001:00003174       @InitWideStrings
 0001:00004F98       @IntfAddRef
 0001:00004F68       @IntfCast
 0001:00004F24       @IntfClear
 0001:00004F3C       @IntfCopy
 0001:00002708       @IsClass
 0001:000023AC       @isNECWindows
 0001:0007C4D8       @jcopy_block_row
 0001:0007C48C       @jcopy_sample_rows
 0001:0007C464       @jdiv_round_up
 0001:00075FF8       @jinit_1pass_quantizer
 0001:0007726C       @jinit_2pass_quantizer
 0001:0007FC74       @jinit_color_converter
 0001:00075278       @jinit_color_deconverter
 0001:0007D598       @jinit_compress_master
 0001:0007F770       @jinit_c_coef_controller
 0001:0007EA74       @jinit_c_main_controller
 0001:0007E8D4       @jinit_c_master_control
 0001:0007EF8C       @jinit_c_prep_controller
 0001:00080660       @jinit_downsampler
 0001:000789E0       @jinit_d_coef_controller
 0001:00077984       @jinit_d_main_controller
 0001:00078D54       @jinit_d_post_controller
 0001:00080C84       @jinit_forward_dct
 0001:00074870       @jinit_huff_decoder
 0001:000829C8       @jinit_huff_encoder
 0001:000723B0       @jinit_input_controller
 0001:0007903C       @jinit_inverse_dct
 0001:0007C308       @jinit_marker_reader
 0001:0007DE18       @jinit_marker_writer
 0001:00072FC4       @jinit_master_decompress
 0001:00071D5C       @jinit_memory_mgr
 0001:00074E1C       @jinit_merged_upsampler
 0001:00073CB0       @jinit_phuff_decoder
 0001:00081790       @jinit_phuff_encoder
 0001:0007959C       @jinit_upsampler
 0001:0007C4F8       @jpeg_abort
 0001:0007C570       @jpeg_alloc_huff_table
 0001:0007C558       @jpeg_alloc_quant_table
 0001:00081A40       @jpeg_fdct_float
 0001:000817D4       @jpeg_fdct_ifast
 0001:00074158       @jpeg_fill_bit_buffer
 0001:00071E68       @jpeg_free_large
 0001:00071E58       @jpeg_free_small
 0001:0008270C       @jpeg_gen_optimal_table
 0001:00071E60       @jpeg_get_large
 0001:00071E50       @jpeg_get_small
 0001:000742A4       @jpeg_huff_decode
 0001:0007A5D0       @jpeg_idct_1x1
 0001:0007A3E0       @jpeg_idct_2x2
 0001:0007A02C       @jpeg_idct_4x4
 0001:000797B4       @jpeg_idct_float
 0001:00079BF8       @jpeg_idct_ifast
 0001:00081EFC       @jpeg_make_c_derived_tbl
 0001:00073E5C       @jpeg_make_d_derived_tbl
 0001:00071E70       @jpeg_mem_available
 0001:00071E8C       @jpeg_mem_init
 0001:00071E90       @jpeg_mem_term
 0001:00071E7C       @jpeg_open_backing_store
 0001:0007C1D4       @jpeg_resync_to_restart
 0001:0007D35C       @jpeg_suppress_tables
 0001:0007C474       @jround_up
 0001:0007C4E8       @jzero_far
 0001:00003850       @LStrAddRef
 0001:000033C4       @LStrArrayClr
 0001:000033F4       @LStrAsg
 0001:00003668       @LStrCat
 0001:000036AC       @LStrCat3
 0001:00003720       @LStrCatN
 0001:000033A0       @LStrClr
 0001:000037AC       @LStrCmp
 0001:000038C0       @LStrCopy
 0001:00003900       @LStrDelete
 0001:00003610       @LStrFromArray
 0001:00003588       @LStrFromChar
 0001:00003598       @LStrFromPChar
 0001:00003490       @LStrFromPCharLen
 0001:000035C8       @LStrFromPWChar
 0001:000034FC       @LStrFromPWCharLen
 0001:00003604       @LStrFromString
 0001:00003628       @LStrFromWStr
 0001:00003948       @LStrInsert
 0001:00003438       @LStrLAsg
 0001:00003660       @LStrLen
 0001:00003A50       @LStrOfChar
 0001:000039A4       @LStrPos
 0001:000039EC       @LStrSetLength
 0001:00003860       @LStrToPChar
 0001:0000363C       @LStrToString
 0001:00004188       @New
 0001:00003464       @NewAnsiString
 0001:00003A84       @NewWideString
 0001:000020C0       @Pow10
 0001:00001E8C       @PStrCmp
 0001:00001E64       @PStrCpy
 0001:00001E34       @PStrNCat
 0001:00001E70       @PStrNCpy
 0001:00002D38       @RaiseAgain
 0001:00002D10       @RaiseExcept
 0001:00001B08       @ReallocMem
 0001:00001D3C       @ROUND
 0001:00003394       @RunError
 0001:000020A4       @SetEq
 0001:0000303C       @StartLib
 0001:0000032C       @strlen
 0001:00001D48       @TRUNC
 0001:00002DBC       @TryFinallyExit
 0001:000038B8       @UniqueStringA
 0001:00004264       @ValInt64
 0001:00001FA0       @ValLong
 0001:0001366C       @VarAddRef
 0001:00013CC0       @VarArrayGet
 0001:00013DB0       @VarArrayPut
 0001:0000F7A4       @VarCast
 0001:0000EF1C       @VarClear
 0001:0000EF30       @VarClr
 0001:00003E50       @VarClr
 0001:0000F258       @VarCopy
 0001:00003F60       @VarCopy
 0001:0000F4D8       @VarCopyNoInd
 0001:000134FC       @VarFromBool
 0001:00013388       @VarFromByte
 0001:0001354C       @VarFromCurr
 0001:000134A4       @VarFromCurrency
 0001:000134D0       @VarFromDate
 0001:00013640       @VarFromDisp
 0001:00013478       @VarFromDouble
 0001:0001332C       @VarFromInt
 0001:00013428       @VarFromInt64
 0001:00013368       @VarFromInteger
 0001:00013614       @VarFromIntf
 0001:000133C8       @VarFromLongWord
 0001:00013560       @VarFromLStr
 0001:0001358C       @VarFromPStr
 0001:00013524       @VarFromReal
 0001:000133E8       @VarFromShortInt
 0001:00013454       @VarFromSingle
 0001:00013408       @VarFromSmallInt
 0001:00013538       @VarFromTDateTime
 0001:000133A8       @VarFromWord
 0001:000135DC       @VarFromWStr
 0001:0000EC84       @VarNull
 0001:0000F4EC       @VarStringToOleStr
 0001:00010F70       @VarToBool
 0001:00010C28       @VarToBoolean
 0001:00010068       @VarToByte
 0001:00011E14       @VarToCurrency
 0001:000118AC       @VarToDate
 0001:00013280       @VarToDisp
 0001:0001113C       @VarToDouble
 0001:0001062C       @VarToInt64
 0001:0000FB68       @VarToInteger
 0001:000131B4       @VarToIntf
 0001:000102E0       @VarToLongWord
 0001:000124C8       @VarToLStr
 0001:000114B8       @VarToReal
 0001:0000FFB8       @VarToShortInt
 0001:000114D4       @VarToSingle
 0001:00010110       @VarToSmallInt
 0001:00010208       @VarToWord
 0001:00012BE8       @VarToWStr
 0001:00003AC4       @WStrArrayClr
 0001:00003AE8       @WStrAsg
 0001:00003AAC       @WStrClr
 0001:00003C34       @WStrCmp
 0001:00003CB8       @WStrCopy
 0001:00003C08       @WStrFromLStr
 0001:00003B0C       @WStrFromPCharLen
 0001:00003BCC       @WStrFromPWChar
 0001:00003B98       @WStrFromPWCharLen
 0001:00003BBC       @WStrFromWChar
 0001:00003C28       @WStrLen
 0001:00003D04       @WStrSetLength
 0001:00003C18       @WStrToPWChar
 0001:00002080       @_CLenToPasStr
 0001:00002074       @_CToPasStr
 0001:00001C44       @_IOTest
 0001:00004240       @_llmul
 0001:0004001C       AbsMin
 0001:0000B874       AbstractErrorHandler
 0002:0000402C       AbstractErrorProc
 0001:00068860       AccCtrl
 0002:0000014C       AccessMode
 0001:00001BA4       AcquireExceptionObject
 0001:000194C4       ActivateClassGroup
 0001:00005DD4       ActivateKeyboardLayout
 0002:00004B88       ActiveDrag
 0001:00017138       ActiveX
 0001:0004F2E4       ActnList
 0001:0000048C       AddBlockAfter
 0001:0008A81C       AddChars
 0002:000004DC       AddDataModule
 0001:0008C9A0       AddDigit
 0001:0001C59C       AddFinished
 0001:00052C04       AddIn
 0001:00004D7C       AddModuleUnloadProc
 0001:00004D8C       AddModuleUnloadProc
 0001:0008BF08       AddNormalizedFractions
 0001:0001C5D4       AddNotFinished
 0001:0008C984       AddOneChar
 0001:0008A8D8       AddStrings
 0001:0001CFF8       AddSubComponentsToLoaded
 0002:000027D8       AdjustAmt
 0002:000027E0       AdjustAmt
 0002:000027E8       AdjustAmt
 0002:000027D0       AdjustAmt
 0001:00024760       AdjustColor
 0001:000312AC       AdjustColors
 0001:0008B334       AdjustDecimalPosition
 0001:000078F4       AdjustLineBreaks
 0001:00059CA8       Adjustment
 0001:0008C260       AdjustNibbles
 0001:00005DDC       AdjustWindowRectEx
 0002:00000C18       Alignments
 0002:00000BD8       Alignments
 0002:000027A4       Alignments
 0002:00000C50       Alignments
 0002:000029B4       Alignments
 0002:0000096C       Alignments
 0002:00000E90       Alignments
 0002:00000E80       Alignments
 0002:0000299C       AlignStyle
 0001:000456A0       AlignWork
 0001:00060CA0       AlignWork
 0001:000206EC       AllocateHWnd
 0001:0002E0B0       AllocFilterStr
 0002:00001AD8       AllocGranularity
 0001:000075D8       AllocMem
 0002:000045B4       AllocMemCount
 0002:000045B8       AllocMemSize
 0001:0002A200       AllocPatternBitmap
 0001:0000560C       AllocTlsBuffer
 0002:00000C6C       AnchorAlign
 0002:00000C60       AnimateWindowProc
 0002:00000D68       AnimationStyle
 0002:00004C44       AnsiCaseMap
 0002:00001534       AnsiCaseMapReady
 0002:00004F44       AnsiCharTypes
 0001:000077C8       AnsiCompareStr
 0001:00007800       AnsiCompareText
 0001:0000816C       AnsiLastChar
 0001:00005DE4       AnsiLower
 0001:00007794       AnsiLowerCase
 0001:0000C288       AnsiLowerCaseFileName
 0001:0000C24C       AnsiPos
 0001:0005748C       AnsiSameCaption
 0001:00007838       AnsiSameText
 0001:00007850       AnsiStrLIComp
 0001:0000C314       AnsiStrPos
 0001:0000C3D4       AnsiStrRScan
 0001:0000C41C       AnsiStrScan
 0001:00005398       AnsiToUtf8
 0001:00007760       AnsiUpperCase
 0001:0001313C       AnyToIntf
 0001:000097B0       AppendChars
 0001:00009B7C       AppendFormat
 0001:00009814       AppendNumber
 0001:000097F4       AppendString
 0002:00004BEC       Application
 0002:000004EC       ApplicationHandleException
 0002:000004F4       ApplicationShowException
 0002:00000FBC       AppVisible
 0002:00000FD0       ArrowKey
 0001:0000B858       AssertErrorHandler
 0002:00004024       AssertErrorProc
 0001:000167E0       AssignLongStr
 0001:00016E5C       AssignVariant
 0002:0000460C       avail
 0001:00008378       BackfillGetDiskFreeSpaceEx
 0001:00042BB0       BackgroundClipped
 0001:0000DA0C       BackupVarBoolFromStr
 0001:0000DB6C       BackupVarBStrFromBool
 0001:0000DA8C       BackupVarBStrFromCy
 0001:0000DAFC       BackupVarBStrFromDate
 0001:0000D9A0       BackupVarCyFromStr
 0001:0000D934       BackupVarDateFromStr
 0001:0000D7F0       BackupVarI4FromStr
 0001:0000D79C       BackupVariantChangeTypeEx
 0001:0000D85C       BackupVarR4FromStr
 0001:0000D8C8       BackupVarR8FromStr
 0001:0008C834       BcdAdd
 0001:0008C410       BcdCompare
 0001:0008C678       BcdDivide
 0001:0008C7C8       BcdDivide
 0001:00089B50       BcdError
 0001:00089AE0       BcdErrorFmt
 0001:0008C514       BcdMultiply
 0001:0008C60C       BcdMultiply
 0001:0008CCA8       BcdScale
 0001:0008C4D8       BcdSubtract
 0001:0008CD40       BCDToCurr
 0001:0008A3F0       BcdToDouble
 0001:0008CB64       BcdToStr
 0001:0000BE54       Beep
 0001:0001981C       BeginGlobalLoading
 0001:00005DEC       BeginPaint
 0001:0002476C       BetterSize
 0001:00053A98       BiDiDraw
 0001:00005B74       BitBlt
 0001:0006EBBC       BitBlt
 0002:00000AF0       BitBtnCaptions
 0002:00004ACC       BitBtnGlyphs
 0002:00000800       BitCounts
 0002:000007F8       BitmapCanvasList
 0002:000048B0       BitmapImageLock
 0001:0000D7D8       BiUnimplemented
 0001:0008B1D0       BlankArgument
 0002:00000514       BlockCode
 0002:000045E4       blockDescBlockList
 0002:000045E8       blockDescFreeList
 0002:000004C0       BooleanIdents
 0002:00000438       BooleanToStringRule
 0001:00007E84       BoolToStr
 0001:00012250       BoolToWStrViaOS
 0002:00000964       BorderStyles
 0002:00000BD0       BorderStyles
 0001:000057E4       Bounds
 0001:000187DC       Bounds
 0002:00000E28       Breaks
 0002:000048E8       BrushManager
 0001:000703E8       BuildColorMap
 0001:0005626C       BuildImage
 0001:00070340       BuildPalette
 0002:0000090C       ButtonCaptions
 0002:00000B20       ButtonCount
 0002:0000521C       ButtonCount
 0002:000008E0       ButtonNames
 0002:00002740       ButtonNames
 0001:000348BC       Buttons
 0002:00000EA4       Buttons
 0002:00000C48       ButtonStyles
 0002:00004A84       ButtonWidths
 0001:00023F38       BytesPerScanline
 0001:0002429C       ByteSwapColors
 0001:0000BF38       ByteToCharIndex
 0001:0000BF10       ByteToCharLen
 0001:0000BED4       ByteType
 0001:0000BE5C       ByteTypeTest
 0002:00004BD4       CachedComCtrlVer
 0001:00020628       CalcJmpOffset
 0001:0004D360       CalcSplitterPos
 0001:00005DF4       CallNextHookEx
 0001:0000CC28       CallTerminateProcs
 0001:00005DFC       CallWindowProc
 0001:00096720       CanAddToMenu
 0001:00041054       CancelDrag
 0001:0008B160       CanUseShort
 0002:00004B9C       CanvasList
 0002:000048EC       CanvasList
 0002:000008B8       Captions
 0002:00000D24       CaptureControl
 0002:000029F4       CaretWidth
 0002:000029FC       cAutoCompleteOptionValues
 0002:00000DC8       cBooleanToItemAutoFlag
 0001:0002D9C0       CenterWindow
 0002:00004ABA       CF_COMPONENT
 0002:00004AB8       CF_PICTURE
 0002:0000481C       ChangeAnyProc
 0001:0003F580       ChangeBiDiModeAlignment
 0001:000081F4       ChangeFileExt
 0002:00000BF8       CharCases
 0001:000034C0       CharFromWChar
 0001:00068E4C       CharIsLower
 0001:00068E60       CharIsUpper
 0001:0000C11C       CharLength
 0001:00005E04       CharLowerBuff
 0001:00005E0C       CharNext
 0001:000002AC       CharNext
 0001:00022728       CharsetToIdent
 0001:0000C024       CharToByteIndex
 0001:0000C088       CharToByteLen
 0001:00005E14       CharToOemA
 0001:00005E1C       CharUpperBuff
 0001:00024D50       CheckBool
 0001:000029A0       CheckJmp
 0001:00005E24       CheckMenuItem
 0002:00000E18       Checks
 0001:000896CC       CheckSqlTimeStamp
 0001:0001D034       CheckSubComponents
 0001:0001F400       CheckSynchronize
 0001:000596E4       CheckTaskWindow
 0001:00083FF4       CheckTaskWindow
 0001:00040D08       CheckUndock
 0001:0000BD48       CheckWin32Version
 0002:0000043C       CInvalidCustomVariantType
 0002:00000DCC       cItemAutoFlagToBoolean
 0002:00000DC4       cItemAutoFlagToMenu
 0001:00020878       Classes
 0001:00019288       ClassNotFound
 0002:00004818       ClearAnyProc
 0001:00021FA8       ClearColor
 0001:0006E0B0       ClearExcepInfo
 0001:0006EE20       ClearInfoList
 0001:0001489C       ClearVariantTypeList
 0001:00005E2C       ClientToScreen
 0001:0004A904       ClientToWindow
 0001:00031FF0       Clipboard
 0002:000007F0       ClipboardFormats
 0001:000320DC       Clipbrd
 0001:0008FF04       ClipFilename
 0001:00005E34       CloseClipboard
 0001:0000591C       CloseHandle
 0002:0000498C       CloseThemeData
 0002:0000294C       CLSID_ACLHistory
 0002:0000295C       CLSID_ACListISF
 0002:0000296C       CLSID_ACLMRU
 0002:0000297C       CLSID_ACLMulti
 0002:0000293C       CLSID_AutoComplete
 0002:00004040       CmdLine
 0002:0000403C       CmdShow
 0002:00000DC0       cMenuAutoFlagToItem
 0001:0000D7E4       CmpUnimplemented
 0002:00001C84       CoAddRefServerProcess
 0001:000170D0       CoCreateInstance
 0002:00001C7C       CoCreateInstanceEx
 0002:00001C94       CoInitFlags
 0001:000170C0       CoInitialize
 0002:00001C80       CoInitializeEx
 0002:00000570       Colors
 0001:00022520       ColorToIdent
 0002:00000978       ColorToPretyName
 0001:00022510       ColorToRGB
 0002:00001050       ColorValues
 0001:00005B7C       CombineRgn
 0002:000051CC       ComClassManagerVar
 0001:0006D560       ComConst
 0002:00004900       ComCtl32DLL
 0002:00004B24       ComCtlVersion
 0001:0003653C       ComCtrls
 0002:00004BE8       CommandPool
 0001:0002A8A0       CommCtrl
 0001:0002D1A4       CommDlg
 0001:0000080C       Commit
 0002:00004628       committedRoot
 0001:0006E378       ComObj
 0001:0008C1E0       CompactBcd
 0001:0008A5BC       CompareDigits
 0001:000521E8       CompareFront
 0001:000076C8       CompareMem
 0001:0008BFC0       CompareNormalizedFractions
 0001:00007698       CompareStr
 0001:00005924       CompareString
 0001:000076E8       CompareText
 0001:00007DAC       CompareWith
 0001:0001D114       ComponentCreated
 0001:00024B10       ComputeAldusChecksum
 0001:00031A90       ComStrs
 0001:00020C34       Consts
 0001:0002A708       Contnrs
 0002:00004B5A       ControlAtom
 0002:00004B60       ControlAtomString
 0001:0005E490       ControlHasHelp
 0001:0004DFEC       Controls
 0001:0000B25C       ConvertAddr
 0001:00009908       ConvertEraString
 0001:0000759C       ConvertError
 0001:000075B4       ConvertErrorFmt
 0001:00009A74       ConvertYearString
 0001:00004498       CopyArray
 0001:000274DC       CopyBitmap
 0001:00027BA4       CopyBitmapAsMask
 0001:00005B84       CopyEnhMetaFile
 0001:000346BC       CopyImage
 0001:00027B40       CopyPalette
 0001:000830CC       CopyParentImage
 0002:00000B6C       Copyright
 0001:00055318       CopyToBest
 0002:00001C88       CoReleaseServerProcess
 0002:00001C8C       CoResumeClassObjects
 0002:00001C90       CoSuspendClassObjects
 0001:000170D8       CoTaskMemAlloc
 0001:000170C8       CoUninitialize
 0001:0000BF94       CountChars
 0002:000048C8       CounterLock
 0002:00000440       CRangeToType
 0002:00001014       crDragAlt
 0001:00082F50       CreateAppStoragePropertyEngineList
 0001:0000B79C       CreateAssertException
 0001:0000B924       CreateAVObject
 0001:00005B8C       CreateBitmap
 0001:00005B94       CreateBrushIndirect
 0001:00005E3C       CreateCaret
 0001:00005B9C       CreateCompatibleBitmap
 0001:00005BA4       CreateCompatibleDC
 0001:0001D194       CreateComponent
 0001:00005BB4       CreateDIBitmap
 0001:00005BAC       CreateDIBSection
 0001:00083D50       CreateDisabledBitmap
 0001:00083AE4       CreateDisabledBitmapEx
 0001:000838C0       CreateDisabledBitmap_NewStyle
 0001:00091D00       CreateEllipsisGlyph
 0001:0000592C       CreateEvent
 0001:00005934       CreateFile
 0001:00005BBC       CreateFontIndirect
 0001:00005BC4       CreateHalftonePalette
 0001:00005E44       CreateIcon
 0001:0000B6C8       CreateInOutError
 0001:00005E4C       CreateMenu
 0001:0002EDD8       CreateMessageDialog
 0001:00005BCC       CreatePalette
 0001:00005BD4       CreatePenIndirect
 0001:00005E54       CreatePopupMenu
 0001:00005BDC       CreateRectRgn
 0001:00005BE4       CreateRectRgnIndirect
 0001:00005BEC       CreateSolidBrush
 0001:000242F4       CreateSystemPalette
 0001:0000593C       CreateThread
 0001:00083F18       CreateTwoColorsBrushPattern
 0001:00006478       CreateWindow
 0001:00006420       CreateWindowEx
 0001:0006B6C8       CreateWMMessage
 0001:0006B6E4       CreateWMMessage
 0002:00000854       CreationControl
 0002:00000C64       CreationControl
 0002:000004AC       CRelationshipToBoolean
 0002:00000424       CResult
 0002:00001018       crMultiDragAlt
 0002:00001010       crMultiDragLink
 0002:0000101C       crMultiDragLinkAlt
 0002:00000144       cSimpleBoolStrs
 0002:00000454       CText
 0002:00000D60       Ctl3DStyles
 0002:00004620       curAlloc
 0002:00004690       CurrencyDecimals
 0002:0000468C       CurrencyFormat
 0002:00004688       CurrencyString
 0001:0000979C       CurrentYear
 0001:0008CCB4       CurrToBCD
 0001:0000927C       CurrToStr
 0001:000121E0       CurrToWStrViaOS
 0002:00000F40       CursorMap
 0002:00000C74       Cursors
 0001:0003F8A0       CursorToIdent
 0002:00000F30       cUseAlpha
 0002:00000F38       cUseColorKey
 0002:0000031C       CVarTypeToElementInfo
 0001:00007B00       CvtInt
 0001:00007B6C       CvtInt64
 0002:00000184       CWNear
 0002:00002828       CWNear
 0002:00005268       dabasepath
 0002:00004691       DateSeparator
 0001:000895FC       DateTimeToSQLTimeStamp
 0001:0000A3B0       DateTimeToStr
 0001:0000A354       DateTimeToString
 0001:00009378       DateTimeToTimeStamp
 0001:00012218       DateToWStrViaOS
 0001:000889BC       DateUtils
 0002:00001CC4       Day
 0001:00009774       DayOfWeek
 0001:00088954       DaysInAMonth
 0001:0008D2AC       DB
 0002:00005240       DBApplication
 0001:00088A14       DBConsts
 0002:0000523C       DBScreen
 0002:00000180       DCon10
 0002:0000056C       DDBsOnly
 0001:000207A0       DeallocateHWnd
 0002:00000028       DebugHook
 0002:0000468F       DecimalSeparator
 0001:00014088       DecIndices
 0001:00009754       DecodeDate
 0001:00009604       DecodeDateFully
 0001:0000946C       DecodeTime
 0001:000008CC       Decommit
 0001:00000FF8       DecommitFree
 0002:000045FC       decommittedRoot
 0001:0005C110       Default
 0001:000618DC       Default
 0002:00000020       Default8087CW
 0002:00000FC4       DefaultBlank
 0002:00000C68       DefaultDockTreeClass
 0002:000045C0       DefaultUserCodePage
 0002:000007C0       DefBrushData
 0002:00002720       DefCompanyName
 0002:00000540       DefFontData
 0001:00005E5C       DefFrameProc
 0002:00000210       DefLongDayNames
 0002:000001C4       DefLongMonthNames
 0001:00005E64       DefMDIChildProc
 0002:000007A0       DefPenData
 0002:000001F4       DefShortDayNames
 0002:00000194       DefShortMonthNames
 0001:00005E6C       DefWindowProc
 0001:00004824       DelayLoadResourceModule
 0001:000004E8       DeleteBlock
 0001:000003F8       DeleteCriticalSection
 0001:00005944       DeleteCriticalSection
 0001:00005BF4       DeleteDC
 0001:00005BFC       DeleteEnhMetaFile
 0001:00000DE0       DeleteFree
 0001:00005E74       DeleteMenu
 0001:00005C04       DeleteObject
 0001:0006EDFC       DeleteType
 0001:00027098       DeselectBitmap
 0001:00082F64       DestroyAppStoragePropertyEngineList
 0001:00005E7C       DestroyCursor
 0001:00005E84       DestroyIcon
 0001:000347EC       DestroyLocals
 0001:00005E8C       DestroyMenu
 0001:00005E94       DestroyWindow
 0001:00096BD0       DEV_PluginCreator
 0001:0003CE28       DialogEnumerationTester
 0001:0002DA74       DialogHook
 0001:0002F600       Dialogs
 0002:000007FC       DIBPalSizes
 0002:0000008C       dig
 0001:0006CF30       DirectoryExists
 0001:00008148       DirectoryExists
 0001:00059520       DisableTaskWindows
 0001:0006DAC4       DispatchInvoke
 0001:0006E0A4       DispatchInvokeError
 0001:0006B8DC       DispatchIsDesignMsg
 0001:00005E9C       DispatchMessage
 0001:0005F770       DispatchShortCut
 0001:0006E0C0       DispCall
 0001:0006E1A4       DispCallByID
 0002:00004000       DispCallByIDProc
 0001:0006DFD0       DispCallError
 0001:00007580       DivMod
 0001:0006B7EC       DlgCodesToDlgc
 0001:0006B794       DlgcToDlgCodes
 0001:0002D1DC       Dlgs
 0002:0000466C       DllProc
 0001:00045530       DoAlign
 0001:00060B54       DoAlign
 0001:000495E4       DoCalcConstraints
 0002:00004B90       DockSiteList
 0001:00055F38       DoClick
 0001:00046C74       DoControlMsg
 0001:000594D0       DoDisableWindow
 0001:00040634       DoDragOver
 0001:0004B634       DoFindControlZone
 0001:00059624       DoFindWindow
 0001:0004BBC0       DoFindZone
 0001:0004B6B8       DoForEach
 0001:0004CFC4       DoGetNextLimit
 0001:00059498       DoneApplication
 0001:0004DD30       DoneControls
 0001:0000BC58       DoneExceptions
 0001:0005DAEC       DoNestedActivation
 0001:0001F3C0       DoneThreadSynchronization
 0001:00062A74       DoOnHelp
 0001:000450F0       DoPosition
 0001:000609A4       DoPosition
 0001:0004C5EC       DoPrune
 0001:0003076C       DoRect
 0001:0004CAC4       DoSaveZone
 0001:0004CCC8       DoSetNewBounds
 0002:000004C8       DotSep
 0002:00000B24       DownStyles
 0001:00024FA8       DoWrite
 0001:0001A668       DoWrite
 0001:000261B4       DoWrite
 0001:00050848       DoWrite
 0001:0004625C       DoWriteDesignSize
 0001:00043CC8       DoWriteIsControl
 0001:0002CFCC       DragAcceptFiles
 0002:00004B74       DragCapture
 0002:00004B68       DragControl
 0001:00040D7C       DragDone
 0001:000405E4       DragFindTarget
 0001:000405B8       DragFindWindow
 0001:0002CFD4       DragFinish
 0002:00004B8C       DragImageList
 0001:000409D4       DragInit
 0001:00040B44       DragInitControl
 0002:00004B70       DragInternalObject
 0001:00040500       DragMessage
 0002:00004B6C       DragObject
 0001:0002CFDC       DragQueryFile
 0002:00004B98       DragSave
 0002:00004B80       DragSaveCursor
 0002:00004B78       DragStartPos
 0002:00004B84       DragThreshold
 0001:00040704       DragTo
 0001:00061918       DrawAppIcon
 0002:0000273C       DrawBitmap
 0001:00083870       DrawBitmapTransparent
 0001:000855A4       DrawButtonFrame
 0001:0004C158       DrawCloseButton
 0001:0006B4B4       DrawDotNetControl
 0001:00005EA4       DrawEdge
 0001:00005EAC       DrawFrameControl
 0001:0004C1B0       DrawGrabberLine
 0001:00005EB4       DrawIcon
 0001:00005EBC       DrawIconEx
 0002:00000D9C       DrawingStyles
 0001:0008855C       DrawMark
 0001:00005EC4       DrawMenuBar
 0001:000572A8       DrawMenuItem
 0001:00005ECC       DrawText
 0001:0006EB90       DrawText
 0001:0006EB5C       DrawText
 0002:00004990       DrawThemeBackground
 0002:000049B4       DrawThemeEdge
 0002:000049B8       DrawThemeIcon
 0002:00004A3C       DrawThemeParentBackground
 0002:00004994       DrawThemeText
 0001:00023DB8       DupBits
 0001:00014030       DynArrayBounds
 0001:000044B0       DynArrayClear
 0001:00013F88       DynArrayDim
 0001:00013F64       DynArrayElTypeInfo
 0001:00014530       DynArrayFromVariant
 0001:00013F20       DynArrayIndex
 0001:000044B8       DynArraySetLength
 0001:00013FB0       DynArraySize
 0001:000141AC       DynArrayToVariant
 0001:000140F4       DynArrayVariantBounds
 0001:00014164       DynArrayVarType
 0002:00000E88       EdgeStyle
 0002:00000D50       EdgeStyles
 0001:0000B69C       EHeapException.FreeInstance
 0001:0006F9D0       EmitMessage
 0002:00000C14       Empty
 0001:00005ED4       EmptyClipboard
 0002:00004804       EmptyParam
 0002:000000CC       EmptyStr
 0002:000000D0       EmptyWideStr
 0001:00005EDC       EnableMenuItem
 0002:00000E20       Enables
 0001:00005EE4       EnableScrollBar
 0001:000595D4       EnableTaskWindows
 0002:00004A24       EnableThemeDialogTexture
 0002:00004A40       EnableTheming
 0001:00005EEC       EnableWindow
 0001:000095D4       EncodeDate
 0001:0000942C       EncodeTime
 0001:000198A4       EndGlobalLoading
 0001:00005EF4       EndPaint
 0001:0000594C       EnterCriticalSection
 0001:000003E8       EnterCriticalSection
 0001:00005954       EnumCalendarInfoA
 0001:00005EFC       EnumClipboardFormats
 0002:00004924       EnumDisplayMonitors
 0001:0000AED0       EnumEraNames
 0001:0000AF0C       EnumEraYearOffsets
 0001:0005C6D4       EnumMonitorsProc
 0001:00004D3C       EnumResourceModules
 0001:00004D44       EnumResourceModules
 0001:00007EF0       EnumStringModules
 0001:00005F04       EnumThreadWindows
 0001:0001C944       EnumValue
 0001:00005F0C       EnumWindows
 0001:0006D7F4       EOleException.Create
 0001:0006D724       EOleSysError.Create
 0001:00005F14       EqualRect
 0002:00004758       EraNames
 0001:0000A628       EraToYear
 0002:00004774       EraYearOffsets
 0002:00000064       errCaption
 0001:0001C128       Error
 0001:00001C38       Error
 0001:00051F38       Error
 0001:00018E2C       Error
 0002:00000004       ErrorAddr
 0001:00001BEC       ErrorAt
 0001:0000B748       ErrorHandler
 0002:0000022C       ErrorMap
 0002:00004008       ErrorProc
 0002:000043E8       ErrOutput
 0001:00001B78       ExceptAddr
 0002:0000400C       ExceptClsProc
 0001:0000BBC4       ExceptHandler
 0001:0000B4C8       Exception.Create
 0001:0000B504       Exception.CreateFmt
 0001:0000B654       Exception.CreateHelp
 0001:0000B584       Exception.CreateRes
 0001:0000B5C0       Exception.CreateResFmt
 0002:0000401C       ExceptionClass
 0001:0000B268       ExceptionErrorMessage
 0002:00000264       ExceptMap
 0001:00001B58       ExceptObject
 0002:00004010       ExceptObjProc
 0002:00004004       ExceptProc
 0001:00005C0C       ExcludeClipRect
 0002:00000000       ExitCode
 0001:000031EC       ExitDll
 0002:00004048       ExitProc
 0001:000002B4       ExitProcess
 0002:00004028       ExitProcessProc
 0001:000056B8       ExitProcessTLS
 0001:00005690       ExitThreadTLS
 0001:0000833C       ExpandFileName
 0001:0002DD4C       ExplorerHook
 0001:0003586C       ExtActns
 0001:00031A30       ExtCtrls
 0001:000356D8       ExtDlgs
 0001:0008FF8C       ExtFilename
 0001:000082F4       ExtractFileExt
 0001:000082BC       ExtractFileName
 0001:0002E3C4       ExtractFileName
 0001:0002E40C       ExtractFileNames
 0001:00008288       ExtractFilePath
 0001:00005C14       ExtTextOut
 0001:000170FC       Failed
 0002:00004794       FalseBoolStrs
 0002:00004AC0       FClipboard
 0002:00000174       FCon1E18
 0002:00002824       FConst10
 0002:0000282C       FieldTypeNames
 0001:000080D0       FileAge
 0001:000080C8       FileClose
 0001:00008030       FileCreate
 0001:0000800C       FileCreate
 0001:0006CF68       FileCtrl
 0001:00008138       FileExists
 0002:000007F4       FileFormats
 0002:00000008       FileMode
 0001:00007FB4       FileOpen
 0001:00008038       FileRead
 0002:00000504       FilerSignature
 0001:00008090       FileSeek
 0001:0000595C       FileTimeToDosDateTime
 0001:00005964       FileTimeToLocalFileTime
 0001:00008064       FileWrite
 0001:00000F18       FillAfterGap
 0001:00000EB8       FillBeforeGap
 0001:00000FB8       FillerSizeAfterGap
 0001:00000F40       FillerSizeBeforeGap
 0001:00005F1C       FillRect
 0002:00000B2C       FillStyles
 0001:0008898C       Finalization
 0001:000888E4       Finalization
 0001:000889E4       Finalization
 0001:00084494       Finalization
 0001:00084314       Finalization
 0001:000897D8       Finalization
 0001:00082F78       Finalization
 0001:00082D38       Finalization
 0001:00082BE0       Finalization
 0001:00082A0C       Finalization
 0001:00015614       Finalization
 0001:00015838       Finalization
 0001:00017000       Finalization
 0001:00017108       Finalization
 0001:0006F6D8       Finalization
 0001:0006F644       Finalization
 0001:0006F32C       Finalization
 0001:0006F1E4       Finalization
 0001:0006F088       Finalization
 0001:0006EF10       Finalization
 0001:0006EBE8       Finalization
 0001:0006E3D0       Finalization
 0001:0006E2F8       Finalization
 0001:0006D530       Finalization
 0001:0006D4D8       Finalization
 0001:000054B4       Finalization
 0001:0006D470       Finalization
 0001:0006D328       Finalization
 0001:0006D1D8       Finalization
 0001:0006D08C       Finalization
 0001:0006CF70       Finalization
 0001:0006CF38       Finalization
 0001:0006CEC8       Finalization
 0001:0006C050       Finalization
 0001:0000DF58       Finalization
 0001:0006AFC4       Finalization
 0001:0006AE44       Finalization
 0001:0006A904       Finalization
 0001:0006A50C       Finalization
 0001:0006A3B4       Finalization
 0001:0006A258       Finalization
 0001:0006A010       Finalization
 0001:00069EB8       Finalization
 0001:00069D58       Finalization
 0001:00069BDC       Finalization
 0001:000065C8       Finalization
 0001:00069418       Finalization
 0001:00006600       Finalization
 0001:00005770       Finalization
 0001:00006948       Finalization
 0001:000692BC       Finalization
 0001:00069148       Finalization
 0001:00068F8C       Finalization
 0001:00068F54       Finalization
 0001:00068F1C       Finalization
 0001:00005800       Finalization
 0001:00068EE4       Finalization
 0001:00068E74       Finalization
 0001:0008CDD8       Finalization
 0001:0008D250       Finalization
 0001:0008DDC4       Finalization
 0001:00068C40       Finalization
 0001:0008DEDC       Finalization
 0001:00068AD8       Finalization
 0001:0008E028       Finalization
 0001:00068964       Finalization
 0001:0008E174       Finalization
 0001:00068830       Finalization
 0001:0008E2C0       Finalization
 0001:000687C8       Finalization
 0001:000207C8       Finalization
 0001:00020C04       Finalization
 0001:00068670       Finalization
 0001:0000D574       Finalization
 0001:00068284       Finalization
 0001:00067430       Finalization
 0001:00067058       Finalization
 0001:00066F0C       Finalization
 0001:00066DC4       Finalization
 0001:0006658C       Finalization
 0001:0006450C       Finalization
 0001:00063A78       Finalization
 0001:0002A238       Finalization
 0001:0002A418       Finalization
 0001:00057588       Finalization
 0001:0002A6D8       Finalization
 0001:0002A870       Finalization
 0001:0002AFF0       Finalization
 0001:0002B030       Finalization
 0001:0002C018       Finalization
 0001:0002C060       Finalization
 0001:0002C098       Finalization
 0001:0002C3BC       Finalization
 0001:0002C568       Finalization
 0001:00094380       Finalization
 0001:0002CEEC       Finalization
 0001:0002CF5C       Finalization
 0001:0002CF94       Finalization
 0001:0002CFE4       Finalization
 0001:0002D01C       Finalization
 0001:0002D054       Finalization
 0001:0002D08C       Finalization
 0001:00095090       Finalization
 0001:0002D12C       Finalization
 0001:0002D174       Finalization
 0001:0002D1AC       Finalization
 0001:00050F98       Finalization
 0001:0004F2B4       Finalization
 0001:00095664       Finalization
 0001:0004DF84       Finalization
 0001:0002F5A4       Finalization
 0001:0009660C       Finalization
 0001:00096644       Finalization
 0001:000319E8       Finalization
 0001:00031A60       Finalization
 0001:000320A0       Finalization
 0001:00032134       Finalization
 0001:00096790       Finalization
 0001:0003D0A0       Finalization
 0001:0003C41C       Finalization
 0001:00034884       Finalization
 0001:0003C2B4       Finalization
 0001:000356A8       Finalization
 0001:000356F8       Finalization
 0001:00035760       Finalization
 0001:000357C4       Finalization
 0001:0003581C       Finalization
 0001:00035874       Finalization
 0001:000370E8       Finalization
 0001:000364C4       Finalization
 0001:000044A8       FinalizeArray
 0001:0006A778       FinalizeMMFHandleList
 0001:000699F8       FinalizeSysInfo
 0001:00002F5C       FinalizeUnits
 0001:00066C38       FinalizeUnitVersioning
 0001:0006ADD4       FinalizeWMPrintClientFix
 0001:00055CF8       Find
 0001:000048B4       FindBS
 0001:00019348       FindClass
 0001:0000481C       FindClassHInstance
 0001:000002C4       FindClose
 0001:0000596C       FindClose
 0001:00000E74       FindCommitted
 0001:0003F680       FindControl
 0001:0004BDEC       FindControlAtPos
 0001:0001546C       FindCustomVariantType
 0001:00015524       FindCustomVariantType
 0001:000410A0       FindDragTarget
 0001:0001D344       FindExistingComponent
 0001:00005974       FindFirstFile
 0001:000002CC       FindFirstFile
 0001:00059730       FindGlobalComponent
 0001:00019734       FindGlobalComponent
 0002:00004868       FindGlobalComponentProcs
 0001:000047F4       FindHInstance
 0001:000195DC       FindIdentToInt
 0001:00084114       FindMonitor
 0002:00004A80       FindMsg
 0001:0001C4D4       FindNestedComponent
 0001:00051F00       FindPopupControl
 0001:0000DC20       FindProc
 0001:0000597C       FindResource
 0001:0000486C       FindResourceHInstance
 0001:000632A8       FindScanline
 0001:00007F2C       FindStringResource
 0001:00059688       FindTopMostWindow
 0001:0001E228       FindUniqueName
 0001:00013964       FindVarData
 0001:0004106C       FindVCLWindow
 0001:00005F24       FindWindow
 0001:0003CE80       FindWinHelp
 0001:0006AD14       FindWMPrintClient
 0001:0006ACA0       FixedWMPrintClient
 0001:00027490       FixupBitFields
 0002:00000E98       Flags
 0002:000047A4       FLanguages
 0001:0002C3EC       FlatSB
 0002:00004950       FlatSB_EnableScrollBar
 0002:0000495C       FlatSB_GetScrollInfo
 0002:00004960       FlatSB_GetScrollPos
 0002:00004958       FlatSB_GetScrollRange
 0002:00004968       FlatSB_SetScrollInfo
 0002:00004964       FlatSB_SetScrollPos
 0001:0002C0DC       FlatSB_SetScrollProp
 0002:0000496C       FlatSB_SetScrollRange
 0002:00004954       FlatSB_ShowScrollBar
 0001:00008F0C       FloatToDecimal
 0001:0000924C       FloatToStr
 0001:00008C38       FloatToText
 0001:00001DD0       Flush
 0002:00000188       FMSecsPerDay
 0001:0008CE14       FMTBcd
 0002:000027F0       FMTBcdVariantType
 0001:00008B2C       FmtStr
 0002:00000EB4       FocusCount
 0002:00000EB0       FocusMessages
 0002:00000710       FontCharsets
 0002:000048E0       FontManager
 0002:00000850       ForceCurrentDirectory
 0001:00059704       ForegroundTask
 0002:00000190       Format
 0001:00008B18       Format
 0001:00008708       FormatBuf
 0001:000086FC       FormatClearStr
 0001:00008680       FormatError
 0002:0000016C       FormatErrorStrs
 0001:00005984       FormatMessage
 0001:0006F9D8       FormatMessage
 0001:000086D8       FormatVarToStr
 0001:00063AD4       Forms
 0001:000020B8       FPower10
 0002:0000084C       FPrinter
 0001:0008CA1C       FractionToStr
 0001:00030830       Frame3D
 0001:00005F2C       FrameRect
 0001:0000D154       FreeAndNil
 0001:00000B74       FreeCommitted
 0001:000011AC       FreeCurAlloc
 0001:00041160       FreeDeviceContext
 0001:0004121C       FreeDeviceContexts
 0001:00020594       FreeIntConstList
 0001:0000598C       FreeLibrary
 0001:000002D4       FreeLibrary
 0001:00026FEC       FreeMemoryContexts
 0001:000206C8       FreeObjectInstance
 0001:0000599C       FreeResource
 0001:00000744       FreeSpace
 0001:0000CC54       FreeTerminateProcs
 0001:0002C5A0       FreeThemeLibrary
 0001:0006EDAC       FreeTypeData
 0002:00004B20       FRichEditModule
 0002:0000298C       GDateHook
 0002:00002990       GDefaultComboEditImagesList
 0001:00023DA8       GDICheck
 0001:00023D00       GDIError
 0001:00005C1C       GdiFlush
 0001:00001D34       Get8087CW
 0001:0006A744       GetAccessToHandleList
 0001:000059A4       GetACP
 0001:00005F34       GetActiveWindow
 0001:00061030       GetAnimation
 0001:0002E734       GetAveCharSize
 0001:00005C24       GetBitmapBits
 0001:00000400       GetBlockDesc
 0001:00005C2C       GetBrushOrgEx
 0001:00085798       GetBrushPattern
 0001:000063E0       GetBValue
 0001:00005F3C       GetCapture
 0001:0003F99C       GetCaptureControl
 0001:000192F4       GetClass
 0001:00005F44       GetClassInfo
 0001:00005F4C       GetClassName
 0001:00005F54       GetClientRect
 0001:00005F5C       GetClipboardData
 0001:00025AD0       GetClipboardFormats
 0001:00005C34       GetClipBox
 0001:00005C3C       GetClipRgn
 0001:0000039C       GetCmdShow
 0001:0004F50C       GetColor
 0001:00036034       GetComCtlVersion
 0001:000002DC       GetCommandLine
 0001:00000988       GetCommitted
 0001:00000A30       GetCommittedAt
 0001:00046828       GetControlAtPos
 0001:00009860       GetCount
 0001:000059AC       GetCPInfo
 0001:00005C44       GetCurrentPositionEx
 0001:000059B4       GetCurrentProcessId
 0002:00004A34       GetCurrentThemeName
 0001:000059BC       GetCurrentThreadId
 0001:0000038C       GetCurrentThreadId
 0001:00006364       GetCurrentTime
 0001:00005F64       GetCursor
 0001:000632B8       GetCursorHeightMargin
 0001:00005F6C       GetCursorPos
 0001:00009890       GetDate
 0001:000059C4       GetDateFormat
 0001:0000A540       GetDateOrder
 0001:00005F74       GetDC
 0001:00005F7C       GetDCEx
 0001:00005C4C       GetDCOrgEx
 0001:00029E40       GetDefFontCharSet
 0001:00005F84       GetDesktopWindow
 0001:00005C64       GetDeviceCaps
 0001:00024D38       GetDIB
 0001:00005C54       GetDIBColorTable
 0001:00005C5C       GetDIBits
 0001:00024C80       GetDIBSizes
 0001:00023F18       GetDInColors
 0001:000059CC       GetDiskFreeSpaceA
 0002:00000140       GetDiskFreeSpaceEx
 0001:00005F8C       GetDlgItem
 0001:0004D0A4       GetDockAlign
 0001:00040344       GetDockSiteAtPos
 0001:00040670       GetDropCtl
 0001:00002748       GetDynaMethod
 0001:0006A7FC       GetDynamicAddressList
 0001:0006A7F4       GetDynamicIndexList
 0001:0006A7E8       GetDynamicMethodCount
 0001:00005C6C       GetEnhMetaFileBits
 0001:00005C74       GetEnhMetaFileHeader
 0001:00005C7C       GetEnhMetaFilePaletteEntries
 0001:00016124       GetEnumName
 0001:000161FC       GetEnumNameValue
 0001:00016424       GetEnumProp
 0001:00016248       GetEnumValue
 0001:0000AF84       GetEraNamesAndYearOffsets
 0001:0000A5D4       GetEraYearOffset
 0001:000170E8       GetErrorInfo
 0001:0000B90C       GetExceptionClass
 0001:0000BAF8       GetExceptionObject
 0001:0001927C       GetFieldClassTable
 0001:000059D4       GetFileAttributes
 0001:00025AB0       GetFileFormats
 0001:0000BD68       GetFileVersion
 0001:00005B5C       GetFileVersionInfo
 0001:00005B64       GetFileVersionInfoSize
 0001:00016B4C       GetFloatProp
 0001:00005F94       GetFocus
 0001:00022748       GetFontData
 0001:00005F9C       GetForegroundWindow
 0001:0000C6C8       GetFormatSettings
 0001:000059DC       GetFullPathName
 0001:000063DC       GetGValue
 0001:00021C90       GetHashCode
 0001:0005E4C8       GetHelpInfo
 0001:0002B4B0       GetHelpSystem
 0001:000854DC       GetHighlightColor
 0001:00060E14       GetHint
 0001:0006B830       GetHintColor
 0001:00060E4C       GetHintControl
 0001:00057428       GetHotkey
 0001:00005FA4       GetIconInfo
 0001:0006DE3C       GetIDsOfNames
 0001:00016F28       GetInt64Prop
 0001:00096700       GetInterfaceVersion
 0001:00005FBC       GetKeyboardLayout
 0001:00005FC4       GetKeyboardLayoutList
 0001:00005FCC       GetKeyboardState
 0001:000023A4       GetKeyboardType
 0001:00005FAC       GetKeyNameText
 0001:00005FB4       GetKeyState
 0001:00005FD4       GetLastActivePopup
 0001:0004B36C       GetLastChildZone
 0001:000059E4       GetLastError
 0001:0000AD48       GetLocaleChar
 0001:000059F4       GetLocaleInfo
 0001:000002E4       GetLocaleInfo
 0001:0000ACFC       GetLocaleStr
 0001:000059EC       GetLocalTime
 0001:0003F904       GetLongHint
 0001:000167F4       GetLongStrProp
 0001:00005C84       GetMapMode
 0001:00005FDC       GetMenu
 0001:0005E450       GetMenuHelpContext
 0001:00005FE4       GetMenuItemCount
 0001:00005FEC       GetMenuItemID
 0001:00005FF4       GetMenuItemInfo
 0001:00054544       GetMenuSize
 0001:00005FFC       GetMenuState
 0001:00006004       GetMenuString
 0001:000002EC       GetModuleFileName
 0001:000059FC       GetModuleFileName
 0001:000002F4       GetModuleHandle
 0001:00005A04       GetModuleHandle
 0001:0006A16C       GetModulePath
 0002:00004918       GetMonitorInfo
 0002:0000491C       GetMonitorInfoA
 0002:00004920       GetMonitorInfoW
 0001:0000ADAC       GetMonthDayNames
 0001:000669D0       GetNamedProcessAddress
 0001:00069790       GetNativeSystemInfo
 0001:0000600C       GetNextWindow
 0001:00005C8C       GetObject
 0001:0002D164       GetOpenFileName
 0001:00016354       GetOrdProp
 0001:00005C94       GetPaletteEntries
 0001:0006E8E8       GetParamStr
 0001:00006014       GetParent
 0001:000598FC       GetParentForm
 0001:00005C9C       GetPixel
 0001:000966B4       GetPluginDescription
 0001:00096680       GetPluginName
 0001:00005A0C       GetProcAddress
 0001:000002FC       GetProcAddress
 0001:0000601C       GetProp
 0001:0001631C       GetPropInfo
 0001:000162AC       GetPropInfo
 0001:00015AC4       GetPropInfo
 0001:00015AA4       GetPropInfo
 0001:00015AE4       GetPropValue
 0001:00059DBC       GetRealScrollPosition
 0001:0004F4EC       GetRGBColor
 0001:000063D8       GetRValue
 0001:0002D16C       GetSaveFileName
 0001:00006024       GetScrollInfo
 0001:0000602C       GetScrollPos
 0001:00006034       GetScrollRange
 0001:00016498       GetSetProp
 0001:00085544       GetShadowColor
 0001:0003F8C0       GetShortHint
 0001:000166EC       GetShortStrProp
 0001:00016784       GetShortStrPropAsLongStr
 0001:00000668       GetSpace
 0001:000006CC       GetSpaceAt
 0001:00051F90       GetSpecialName
 0001:00000304       GetStartupInfo
 0001:00000284       GetStdHandle
 0001:00005A14       GetStdHandle
 0001:00005CA4       GetStockObject
 0001:00005A1C       GetStringTypeEx
 0001:00005A24       GetStringTypeExA
 0001:00016924       GetStrProp
 0001:0000603C       GetSubMenu
 0001:00006044       GetSysColor
 0001:0000604C       GetSysColorBrush
 0001:00005A2C       GetSystemInfo
 0001:00006054       GetSystemMenu
 0002:00004908       GetSystemMetrics
 0001:0000605C       GetSystemMetrics
 0001:00005CAC       GetSystemPaletteEntries
 0001:00005CBC       GetTextExtentPoint
 0001:00005CB4       GetTextExtentPoint32
 0001:00005CC4       GetTextMetrics
 0002:00004A2C       GetThemeAppProperties
 0002:00004998       GetThemeBackgroundContentRect
 0002:0000499C       GetThemeBackgroundExtent
 0002:000049AC       GetThemeBackgroundRegion
 0002:000049D0       GetThemeBool
 0002:000049C4       GetThemeColor
 0002:00004A38       GetThemeDocumentationProperty
 0002:000049D8       GetThemeEnumValue
 0002:000049F8       GetThemeFilename
 0002:000049E0       GetThemeFont
 0002:000049D4       GetThemeInt
 0002:000049EC       GetThemeIntList
 0002:000049E8       GetThemeMargins
 0002:000049C8       GetThemeMetric
 0002:000049A0       GetThemePartSize
 0002:000049DC       GetThemePosition
 0002:000049F0       GetThemePropertyOrigin
 0002:000049E4       GetThemeRect
 0002:000049CC       GetThemeString
 0002:00004A04       GetThemeSysBool
 0002:000049FC       GetThemeSysColor
 0002:00004A00       GetThemeSysColorBrush
 0002:00004A0C       GetThemeSysFont
 0002:00004A14       GetThemeSysInt
 0002:00004A08       GetThemeSysSize
 0002:00004A10       GetThemeSysString
 0002:000049A4       GetThemeTextExtent
 0002:000049A8       GetThemeTextMetrics
 0001:0000030C       GetThreadLocale
 0001:00005A34       GetThreadLocale
 0001:00005A3C       GetTickCount
 0001:000098C8       GetTime
 0001:00005618       GetTlsSize
 0001:000615F4       GetTopMostWindows
 0001:0003FAA4       GetTopParent
 0001:00006064       GetTopWindow
 0001:00016118       GetTypeData
 0001:00066B8C       GetUnitVersioning
 0001:0008A670       GetValueAndMultiplyOrder
 0001:00013AA0       GetVarDataArrayInfo
 0001:00016E70       GetVariantProp
 0001:00005A44       GetVersion
 0001:00000394       GetVersion
 0001:00005A4C       GetVersionEx
 0001:0006895C       GetVersionEx
 0001:00005CCC       GetViewportOrgEx
 0001:00016990       GetWideStrProp
 0001:00016874       GetWideStrPropAsLongStr
 0001:0000606C       GetWindow
 0001:00006074       GetWindowDC
 0001:0000607C       GetWindowLong
 0001:00005CDC       GetWindowOrgEx
 0001:00006084       GetWindowPlacement
 0001:0000608C       GetWindowRect
 0001:00069594       GetWindowsVersion
 0001:00006094       GetWindowText
 0002:00004A20       GetWindowTheme
 0001:000060A4       GetWindowThreadProcessId
 0001:0000609C       GetWindowThreadProcessId
 0001:00005CD4       GetWinMetaFileBits
 0001:000840E4       GetWorkareaRect
 0002:00002994       GFileImageIndex
 0002:00002998       GFileImageIndexXP
 0001:00005A54       GlobalAddAtom
 0001:00005A5C       GlobalAlloc
 0001:00006370       GlobalAllocPtr
 0001:00005A64       GlobalDeleteAtom
 0001:00005A6C       GlobalFindAtom
 0002:0000486C       GlobalFixupList
 0001:0001C61C       GlobalFixupReferences
 0001:00005A74       GlobalFree
 0001:0000639C       GlobalFreePtr
 0001:00005A84       GlobalHandle
 0001:00005A7C       GlobalLock
 0002:00001BA8       GlobalMMFHandleListCS
 0002:00004850       GlobalNameSpace
 0002:00002788       GlobalPattern
 0001:00005A8C       GlobalReAlloc
 0001:00006380       GlobalReAllocPtr
 0002:00000FD8       GlobalUnitVersioning
 0001:00005A94       GlobalUnlock
 0002:00000B1C       GlyphCache
 0002:00005220       GlyphCache
 0001:00029DB8       GraphicFilter
 0001:0002A30C       Graphics
 0002:0000276C       GraphicSignatures
 0001:0006D508       Grids
 0001:00019470       GroupDescendentsWith
 0002:000004CC       GUID_NULL
 0001:0000EBAC       HandleConversionException
 0001:0006B5EC       HandleDotNetHighlighting
 0001:0005E6D0       HandleEdge
 0001:0001DA80       HandleException
 0001:0006E5CC       HasAny
 0002:00000024       HeapAllocFlags
 0002:000045C8       heapErrorCode
 0002:000045CC       heapLock
 0001:0002C058       HelpIntfs
 0002:00004944       HelpManager
 0002:00004A7C       HelpMsg
 0002:00004B44       HelpViewer
 0002:00004B48       HelpViewerIntf
 0002:0000013C       HexDisplayPrefix
 0001:0000635C       HiByte
 0001:000060AC       HideCaret
 0002:00000C04       HideSelections
 0001:0004D120       HideZone
 0002:00004668       HInstance
 0002:00004C00       HintDoneEvent
 0001:00060F1C       HintGetMsgHook
 0002:00004C04       HintHook
 0001:00060EC0       HintMouseThread
 0002:00004C08       HintThread
 0002:00004BFC       HintThreadID
 0001:00060E6C       HintTimerProc
 0002:00000EA8       HintWindowClass
[...]
 0002:000049E0       GetThemeFont
 0002:000049E4       GetThemeRect
 0002:000049E8       GetThemeMargins
 0002:000049EC       GetThemeIntList
 0002:000049F0       GetThemePropertyOrigin
 0002:000049F4       SetWindowTheme
 0002:000049F8       GetThemeFilename
 0002:000049FC       GetThemeSysColor
 0002:00004A00       GetThemeSysColorBrush
 0002:00004A04       GetThemeSysBool
 0002:00004A08       GetThemeSysSize
 0002:00004A0C       GetThemeSysFont
 0002:00004A10       GetThemeSysString
 0002:00004A14       GetThemeSysInt
 0002:00004A18       IsThemeActive
 0002:00004A1C       IsAppThemed
 0002:00004A20       GetWindowTheme
 0002:00004A24       EnableThemeDialogTexture
 0002:00004A28       IsThemeDialogTextureEnabled
 0002:00004A2C       GetThemeAppProperties
 0002:00004A30       SetThemeAppProperties
 0002:00004A34       GetCurrentThemeName
 0002:00004A38       GetThemeDocumentationProperty
 0002:00004A3C       DrawThemeParentBackground
 0002:00004A40       EnableTheming
 0002:00004A44       .1
 0002:00004A48       ThemeLibrary
 0002:00004A4C       ReferenceCount
 0002:00004A50       Lock
 0002:00004A54       .1
 0002:00004A58       .4
 0002:00004A5C       .1
 0002:00004A60       .1
 0002:00004A64       .1
 0002:00004A68       .1
 0002:00004A6C       .1
 0002:00004A70       .1
 0002:00004A74       .1
 0002:00004A78       .11
 0002:00004A7C       HelpMsg
 0002:00004A80       FindMsg
 0002:00004A84       ButtonWidths
 0002:00004AB0       .12
 0002:00004AB4       .1
 0002:00004AB8       CF_PICTURE
 0002:00004ABA       CF_COMPONENT
 0002:00004ABC       .2
 0002:00004AC0       FClipboard
 0002:00004AC4       .1
 0002:00004AC8       .4
 0002:00004ACC       BitBtnGlyphs
 0002:00004AF8       .3
 0002:00004AFC       .8
 0002:00004B00       .5
 0002:00004B04       .1
 0002:00004B08       .72
 0002:00004B0C       UrlMonHandle
 0002:00004B10       UrlMonInitialized
 0002:00004B14       .8
 0002:00004B18       .36
 0002:00004B1C       ShellModule
 0002:00004B20       FRichEditModule
 0002:00004B24       ComCtlVersion
 0002:00004B28       .2
 0002:00004B2C       InternalServices
 0002:00004B30       .42
 0002:00004B34       .73
 0002:00004B38       WinHelpTester
 0002:00004B3C       ViewerName
 0002:00004B40       .1
 0002:00004B44       HelpViewer
 0002:00004B48       HelpViewerIntf
 0002:00004B4C       Mouse
 0002:00004B50       NewStyleControls
 0002:00004B54       .72
 0002:00004B58       WindowAtom
 0002:00004B5A       ControlAtom
 0002:00004B5C       WindowAtomString
 0002:00004B60       ControlAtomString
 0002:00004B64       RM_GetObjectInstance
 0002:00004B68       DragControl
 0002:00004B6C       DragObject
 0002:00004B70       DragInternalObject
 0002:00004B74       DragCapture
 0002:00004B78       DragStartPos
 0002:00004B80       DragSaveCursor
 0002:00004B84       DragThreshold
 0002:00004B88       ActiveDrag
 0002:00004B8C       DragImageList
 0002:00004B90       DockSiteList
 0002:00004B94       QualifyingSites
 0002:00004B98       DragSave
 0002:00004B9C       CanvasList
 0002:00004BA0       _WINNLSEnableIME
 0002:00004BA4       _ImmGetContext
 0002:00004BA8       _ImmReleaseContext
 0002:00004BAC       _ImmGetConversionStatus
 0002:00004BB0       _ImmSetConversionStatus
 0002:00004BB4       _ImmSetOpenStatus
 0002:00004BB8       _ImmSetCompositionWindow
 0002:00004BBC       _ImmSetCompositionFont
 0002:00004BC0       _ImmGetCompositionString
 0002:00004BC4       _ImmIsIME
 0002:00004BC8       _ImmNotifyIME
 0002:00004BCC       .8
 0002:00004BD0       .3
 0002:00004BD4       CachedComCtrlVer
 0002:00004BD8       ImageListWriteExProc
 0002:00004BDC       PopupList
 0002:00004BE0       ShortCutItems
 0002:00004BE4       .9
 0002:00004BE8       CommandPool
 0002:00004BEC       Application
 0002:00004BF0       Screen
 0002:00004BF4       .41
 0002:00004BF8       RM_TaskbarCreated
 0002:00004BFC       HintThreadID
 0002:00004C00       HintDoneEvent
 0002:00004C04       HintHook
 0002:00004C08       HintThread
 0002:00004C0C       .2
 0002:00004C10       .5
 0002:00004C14       .5
 0002:00004C18       .1
 0002:00004C1C       .1
 0002:00004C20       .1
 0002:00004C24       .7
 0002:00004C28       .1
 0002:00004C2C       .5
 0002:00004C30       .1
 0002:00004C34       .2
 0002:00004C38       .3
 0002:00004C3C       .1
 0002:00004C40       .6
 0002:00004C44       AnsiCaseMap
 0002:00004F44       AnsiCharTypes
 0002:00005144       .1
 0002:00005148       .1
 0002:0000514C       .1
 0002:00005150       .1
 0002:00005154       .2
 0002:00005158       .1
 0002:0000515C       .1
 0002:00005160       .2
 0002:00005164       KernelVersionHi
 0002:00005168       ResmeterLibHandle
 0002:0000516C       MyGetFreeSystemResources
 0002:00005170       .1
 0002:00005174       .2
 0002:00005178       .2
 0002:0000517C       .42
 0002:00005180       .01
 0002:00005184       .7
 0002:00005188       SimpleLog
 0002:0000518C       .8
 0002:00005190       .1
 0002:00005194       OrgWinControlWMPrintClient
 0002:00005198       .1
 0002:0000519C       .9
 0002:000051A0       .3
 0002:000051A4       .5
 0002:000051A8       .1
 0002:000051AC       .2
 0002:000051B0       .9
 0002:000051B4       .81
 0002:000051B8       .3
 0002:000051BC       .11
 0002:000051C0       .1
 0002:000051C4       .41
 0002:000051C8       OleUninitializing
 0002:000051CC       ComClassManagerVar
 0002:000051D0       SaveInitProc
 0002:000051D4       NeedToUninitialize
 0002:000051D8       .7
 0002:000051DC       .2
 0002:000051E0       .4
 0002:000051E4       TypeList
 0002:000051E8       .1
 0002:000051EC       .91
 0002:000051F0       .1
 0002:000051F4       .4
 0002:000051F8       .1
 0002:000051FC       .3
 0002:00005200       .1
 0002:00005204       .2
 0002:00005208       .01
 0002:0000520C       RegisteredAppStoragePropertyEngineList
 0002:00005210       .7
 0002:00005214       .4
 0002:00005218       .8
 0002:0000521C       ButtonCount
 0002:00005220       GlyphCache
 0002:00005224       SaveColor1
 0002:00005228       SaveColor2
 0002:0000522C       .1
 0002:00005230       .1
 0002:00005234       .1
 0002:00005238       .3
 0002:0000523C       DBScreen
 0002:00005240       DBApplication
 0002:00005244       .36
 0002:00005248       .6
 0002:0000524C       .4
 0002:00005250       .2
 0002:00005254       .8
 0002:00005258       .2
 0002:0000525C       .41
 0002:00005260       .92
 0002:00005264       .2
 0002:00005268       dabasepath
 0002:00005368       plgwnd
 0002:0000536C       template
 0002:00005370       .2
 0002:00005374       .4


Line numbers for JclUnitVersioning(JclUnitVersioning.pas) segment .text

   174 0001:00066730   175 0001:00066745   176 0001:0006674E   177 0001:00066768
   304 0001:0006676C   305 0001:00066781   306 0001:0006678A   307 0001:0006678D
   308 0001:000667B3   311 0001:000667B8   312 0001:000667C3   313 0001:000667CB
   314 0001:000667E2   322 0001:000667E8   323 0001:000667EE   324 0001:000667F8
   327 0001:000667FC   328 0001:00066802   329 0001:0006681A   332 0001:00066820
   333 0001:00066828   334 0001:00066836   335 0001:00066844   333 0001:00066845
   336 0001:00066848   337 0001:0006684D   382 0001:00066854   383 0001:00066866
   384 0001:0006686F   385 0001:0006687E   386 0001:000668A4   389 0001:000668A8
   390 0001:000668B3   391 0001:000668BB   392 0001:000668C3   393 0001:000668DA
   399 0001:000668E0   400 0001:000668EC   401 0001:000668FA   403 0001:00066908
   404 0001:0006691C   405 0001:0006692D   406 0001:0006692F   400 0001:00066930
   408 0001:00066933   409 0001:00066943   410 0001:0006694D   411 0001:00066957
   416 0001:00066960   417 0001:00066968   418 0001:00066974   420 0001:00066982
   421 0001:0006698C   422 0001:0006698E   417 0001:0006698F   423 0001:00066994
   424 0001:000669A2   423 0001:000669B4   425 0001:000669B7   467 0001:000669BC
   468 0001:000669C2   469 0001:000669CC   581 0001:000669D0   582 0001:000669DE
   584 0001:000669E6   585 0001:000669F0   586 0001:000669F4   587 0001:000669FD
   594 0001:00066A05   596 0001:00066A07   597 0001:00066A0B   598 0001:00066A15
   599 0001:00066A1C   601 0001:00066A26   602 0001:00066A36   605 0001:00066A3E
   606 0001:00066A4B   607 0001:00066A4C   630 0001:00066A4E   635 0001:00066A52
   636 0001:00066A5F   642 0001:00066A75   653 0001:00066AC4   654 0001:00066AC5
   655 0001:00066AC7   657 0001:00066AD0   658 0001:00066AD2   660 0001:00066AD6
   663 0001:00066ADA   664 0001:00066AF1   665 0001:00066AFC   666 0001:00066B1A
   667 0001:00066B24   668 0001:00066B2A   672 0001:00066B36   674 0001:00066B3A
   675 0001:00066B40   676 0001:00066B46   678 0001:00066B52   683 0001:00066B5C
   684 0001:00066B5D   685 0001:00066B5F   687 0001:00066B63   688 0001:00066B68
   689 0001:00066B6E   690 0001:00066B76   692 0001:00066B7A   698 0001:00066B89
   711 0001:00066B8C   712 0001:00066B8D   714 0001:00066B96   715 0001:00066BA7
   717 0001:00066BB0   718 0001:00066BBC   720 0001:00066BCB   721 0001:00066BDC
   722 0001:00066BE9   727 0001:00066BF2   728 0001:00066C03   732 0001:00066C0C
   733 0001:00066C15   734 0001:00066C21   735 0001:00066C26   740 0001:00066C38
   741 0001:00066C3E   742 0001:00066C4C   744 0001:00066C55   745 0001:00066C5F
   747 0001:00066C68   748 0001:00066C6C   749 0001:00066C75   751 0001:00066C7F
   755 0001:00066C95   756 0001:00066C9A   761 0001:00066CA0   762 0001:00066CA6
   763 0001:00066CAB   764 0001:00066CAF   765 0001:00066CB7   770 0001:00066CBC
   771 0001:00066CBF   772 0001:00066CC4   773 0001:00066CC8   774 0001:00066CCF
   788 0001:00066DC4   790 0001:00066E07   784 0001:00066E0C   785 0001:00066E15
   787 0001:00066E24

Line numbers for JvWin32(JvWin32.pas) segment .text

   331 0001:00066F0C   334 0001:00066F54   327 0001:00066F58   328 0001:00066F61
   330 0001:00066F70

Line numbers for JvConsts(JvConsts.pas) segment .text

   225 0001:00067058   228 0001:000670A0   221 0001:000670A4   222 0001:000670AD
   224 0001:000670BC

Line numbers for JclResources(JclResources.pas) segment .text

  1874 0001:00068670  1877 0001:000686B8  1870 0001:000686BC  1871 0001:000686C5
  1873 0001:000686D4

Line numbers for JclBase(JclBase.pas) segment .text

   568 0001:000687C8   571 0001:00068810   564 0001:00068814   565 0001:0006881D
   567 0001:0006882C

Line numbers for JclWin32(win32api\WinBase.imp) segment .text

    35 0001:0006895C

Line numbers for JclWin32(JclWin32.pas) segment .text

   286 0001:00068964   289 0001:000689AC   282 0001:000689B0   283 0001:000689B9
   285 0001:000689C8

Line numbers for JclWideStrings(JclWideStrings.pas) segment .text

  2042 0001:00068AD8  2045 0001:00068B2A  2038 0001:00068B2C  2039 0001:00068B3F
  2041 0001:00068B4E

Line numbers for JclLogic(JclLogic.pas) segment .text

  1947 0001:00068C40  1950 0001:00068C88  1943 0001:00068C8C  1944 0001:00068C95
  1946 0001:00068CA4

Line numbers for JclStrings(JclStrings.pas) segment .text

   537 0001:00068D98   538 0001:00068D9D   541 0001:00068DA5   566 0001:00068DB9
   570 0001:00068DC1   538 0001:00068DC6   571 0001:00068DCB   576 0001:00068DD0
   577 0001:00068DD3   579 0001:00068DDC   582 0001:00068DE3   583 0001:00068DE7
   584 0001:00068DEA   585 0001:00068DF6   596 0001:00068E02   597 0001:00068E0D
   599 0001:00068E13   600 0001:00068E1E   602 0001:00068E23   603 0001:00068E25
   604 0001:00068E2B   605 0001:00068E34   606 0001:00068E3A   579 0001:00068E3C
   607 0001:00068E40   609 0001:00068E47  3337 0001:00068E4C  3339 0001:00068E5C
  3383 0001:00068E60  3385 0001:00068E70  5032 0001:00068E74  5035 0001:00068EBC
  5022 0001:00068EC0  5023 0001:00068EC9  5024 0001:00068ECE  5026 0001:00068ED3
  5031 0001:00068EE2

Line numbers for Snmp(Snmp.pas) segment .text

   898 0001:00068F4C   898 0001:00068F53

Line numbers for JclRegistry(JclRegistry.pas) segment .text

  1718 0001:00069148  1721 0001:000691A5  1714 0001:000691A8  1715 0001:000691BB
  1717 0001:000691CA

Line numbers for Jcl8087(Jcl8087.pas) segment .text

   245 0001:000692BC   248 0001:00069304   241 0001:00069308   242 0001:00069311
   244 0001:00069320

Line numbers for JclIniFiles(JclIniFiles.pas) segment .text

   192 0001:00069418   195 0001:00069460   188 0001:00069464   189 0001:0006946D
   191 0001:0006947C

Line numbers for JclSysInfo(JclSysInfo.pas) segment .text

  3146 0001:00069594  3147 0001:000695B1  3148 0001:000695B3  3149 0001:000695C2
  3151 0001:000695D8  3153 0001:000695F0  3154 0001:0006960E  3156 0001:00069615
  3161 0001:0006961C  3162 0001:00069628  3164 0001:0006962F  3165 0001:0006964D
  3167 0001:00069654  3169 0001:0006965B  3172 0001:00069662  3174 0001:00069680
  3176 0001:00069699  3178 0001:000696A0  3180 0001:000696A7  3183 0001:000696AE
  3185 0001:000696B5  3187 0001:000696C8  3189 0001:000696CC  3192 0001:000696D0
  3193 0001:000696DA  3194 0001:000696E2  3195 0001:000696ED  3197 0001:000696F1
  3199 0001:0006970E  3201 0001:00069712  3205 0001:00069716  3207 0001:00069720
  3208 0001:0006972A  3209 0001:00069740  3211 0001:00069744  3215 0001:00069765
  3617 0001:00069790  3618 0001:00069795  3619 0001:00069797  3621 0001:000697A3
  3623 0001:000697A7  3624 0001:000697B2  3626 0001:000697B6  3627 0001:000697B9
  3630 0001:000697BD  3633 0001:000697C5  3634 0001:000697CD  5146 0001:000697F8
  5148 0001:00069801  5149 0001:0006980C  5150 0001:00069813  5152 0001:0006981A
  5293 0001:0006981C  5296 0001:00069835  5297 0001:00069844  5298 0001:0006984D
  5299 0001:00069855  5300 0001:0006985D  5304 0001:00069865  5306 0001:00069874
  5307 0001:00069886  5308 0001:0006989E  5310 0001:000698A8  5312 0001:000698AF
  5316 0001:00069910  5318 0001:0006991C  5320 0001:00069928  5322 0001:00069934
  5324 0001:00069940  5327 0001:00069949  5328 0001:00069950  5332 0001:00069959
  5333 0001:00069960  5337 0001:00069969  5338 0001:00069970  5339 0001:00069977
  5342 0001:00069980  5344 0001:00069989  5346 0001:00069992  5348 0001:0006999B
  5350 0001:000699A4  5352 0001:000699AD  5354 0001:000699B6  5356 0001:000699BF
  5358 0001:000699E3  5362 0001:000699F8  5363 0001:000699FD  5373 0001:00069BDC
  5375 0001:00069BFF  5380 0001:00069C3E  5365 0001:00069C40  5366 0001:00069C53
  5368 0001:00069C58  5371 0001:00069C67

Line numbers for JclShell(JclShell.pas) segment .text

  1521 0001:00069D58  1523 0001:00069D7B  1525 0001:00069DAA  1512 0001:00069DAC
  1516 0001:00069DB5  1519 0001:00069DC4

Line numbers for JclSecurity(JclSecurity.pas) segment .text

   631 0001:00069EB8   634 0001:00069F00   627 0001:00069F04   628 0001:00069F0D
   630 0001:00069F1C

Line numbers for JclDateTime(JclDateTime.pas) segment .text

  1492 0001:0006A010  1495 0001:0006A058  1488 0001:0006A05C  1489 0001:0006A065
  1491 0001:0006A074

Line numbers for JclFileUtils(JclFileUtils.pas) segment .text

  3825 0001:0006A16C  3826 0001:0006A173  3827 0001:0006A178  3829 0001:0006A181
  3838 0001:0006A18D  3839 0001:0006A196  4533 0001:0006A19C  4534 0001:0006A1BD
  4535 0001:0006A1BF  4536 0001:0006A1D2  4538 0001:0006A1D6  4539 0001:0006A1E0
  4543 0001:0006A21A  4544 0001:0006A21C  4547 0001:0006A24C  6385 0001:0006A258
  6388 0001:0006A2A0  6381 0001:0006A2A4  6382 0001:0006A2AD  6384 0001:0006A2BC

Line numbers for JclConsole(JclConsole.pas) segment .text

  1565 0001:0006A3B4  1568 0001:0006A3FC  1561 0001:0006A400  1562 0001:0006A409
  1564 0001:0006A418

Line numbers for JclMath(JclMath.pas) segment .text

  4464 0001:0006A50C  4467 0001:0006A554  4460 0001:0006A558  4461 0001:0006A561
  4463 0001:0006A570

Line numbers for JclSysUtils(JclSysUtils.pas) segment .text

   503 0001:0006A574   921 0001:0006A744   922 0001:0006A747   923 0001:0006A750
   924 0001:0006A761   925 0001:0006A775  1111 0001:0006A778  1113 0001:0006A78D
  1115 0001:0006A795  1116 0001:0006A79B  1118 0001:0006A79F  1119 0001:0006A7A8
  1121 0001:0006A7B1  1122 0001:0006A7B3  1123 0001:0006A7C0  1116 0001:0006A7C2
  1125 0001:0006A7E3  1685 0001:0006A7E8  1686 0001:0006A7EB  1687 0001:0006A7ED
  1688 0001:0006A7EF  1690 0001:0006A7F2  1694 0001:0006A7F4  1695 0001:0006A7F7
  1696 0001:0006A7FA  1700 0001:0006A7FC  1701 0001:0006A7FF  1702 0001:0006A802
  1703 0001:0006A804  1704 0001:0006A806  1705 0001:0006A809  2660 0001:0006A828
  2661 0001:0006A82B  2662 0001:0006A830  2663 0001:0006A838  2664 0001:0006A83C
  3026 0001:0006A840  3027 0001:0006A852  3028 0001:0006A85B  3029 0001:0006A881
  3032 0001:0006A884  3033 0001:0006A88F  3034 0001:0006A897  3035 0001:0006A8AE
  3038 0001:0006A8B4  3039 0001:0006A8BA  3040 0001:0006A8C1  3041 0001:0006A8C3
  3044 0001:0006A8C8  3045 0001:0006A8CE  3046 0001:0006A8D6  3047 0001:0006A8D8
  3050 0001:0006A8DC  3051 0001:0006A8E3  3052 0001:0006A8F4  3054 0001:0006A8F8
  3055 0001:0006A8FD  3219 0001:0006A904  3223 0001:0006A927  3225 0001:0006A92C
  3228 0001:0006A936  3229 0001:0006A93F  3231 0001:0006A983  3203 0001:0006A988
  3205 0001:0006A991  3208 0001:0006A998  3209 0001:0006A9A1  3214 0001:0006A9B2
  3217 0001:0006A9C1

Line numbers for JclRTTI(JclRTTI.pas) segment .text

  2438 0001:0006EDAC  2439 0001:0006EDAF  2440 0001:0006EDB6  2441 0001:0006EDBB
  2443 0001:0006EDC7  2444 0001:0006EDD3  2445 0001:0006EDE4  2446 0001:0006EDF3
  2447 0001:0006EDFA  2465 0001:0006EDFC  2466 0001:0006EDFF  2467 0001:0006EE06
  2468 0001:0006EE12  2469 0001:0006EE1E  2501 0001:0006EE20  2502 0001:0006EE25
  2503 0001:0006EE31  2505 0001:0006EE41  2504 0001:0006EE52  2507 0001:0006EE66
  2509 0001:0006EE78  2521 0001:0006EE7C  2522 0001:0006EE85  2523 0001:0006EE8A
  2524 0001:0006EE96  2525 0001:0006EEA4  2527 0001:0006EEAA  2526 0001:0006EEAB
  2528 0001:0006EEBC  2529 0001:0006EEC1  2531 0001:0006EEDA  2533 0001:0006EEEC
  2535 0001:0006EEF2  2536 0001:0006EEF8  2537 0001:0006EF01  2539 0001:0006EF09
  3058 0001:0006EF10  3060 0001:0006EF33  3061 0001:0006EF38  3075 0001:0006EF67
  3050 0001:0006EF6C  3051 0001:0006EF75  3053 0001:0006EF86  3056 0001:0006EF95

Line numbers for JclMime(JclMime.pas) segment .text

   984 0001:0006F088   987 0001:0006F0D0   980 0001:0006F0D4   981 0001:0006F0DD
   983 0001:0006F0EC

Line numbers for JclSynch(JclSynch.pas) segment .text

  1399 0001:0006F1E4  1402 0001:0006F22C  1395 0001:0006F230  1396 0001:0006F239
  1398 0001:0006F248

Line numbers for plgwind(plgwind.pas) segment .text

    53 0001:00095994    55 0001:000959BA    58 0001:000959CE    60 0001:000959E3
    64 0001:000959E8    65 0001:000959F6    66 0001:00095A1A    67 0001:00095A5D
    68 0001:00095A9B    69 0001:00095AD9    70 0001:00095B17    71 0001:00095B55
    73 0001:00095BAB    76 0001:00095BBD    79 0001:00095BED    83 0001:00095C1F
    84 0001:00095C4C    87 0001:00095C79    90 0001:00095C8B    92 0001:00095CBB
    96 0001:00095CF9    97 0001:00095D32   100 0001:00095D6B   103 0001:00095D7D
   106 0001:00095DB9   110 0001:00095DF7   111 0001:00095E30   113 0001:00095E69
   116 0001:00095E7B   119 0001:00095EB7   123 0001:00095EF5   124 0001:00095F2E
   136 0001:00095F67   137 0001:00095FA3   138 0001:00095FFD   140 0001:0009601B
   141 0001:000960C9   143 0001:0009663C   143 0001:00096643

Line numbers for pluginfunc(pluginfunc.pas) segment .text

   778 0001:00096674   778 0001:0009667B

Line numbers for DEV_PluginCreator(C:\CodeProjects\ScriptEd_v1_50\src\plugins\PluginCreator\DEV_PluginCreator.dpr) segment .text

    19 0001:0009667C    23 0001:00096680    24 0001:00096685    25 0001:00096696
    27 0001:000966B4    28 0001:000966B9    29 0001:000966CA    31 0001:00096700
    32 0001:00096705    33 0001:00096711    37 0001:00096720    38 0001:00096722
    41 0001:00096724    42 0001:0009673F    43 0001:0009675B    45 0001:0009676B
    46 0001:0009677A    47 0001:00096786    56 0001:00096BD0    58 0001:00096BE0

Bound resource files

c:\delphi7se\Lib\Buttons.res
c:\delphi7se\Lib\ExtDlgs.res
c:\delphi7se\Lib\Controls.res
c:\delphi7se\Lib\FileCtrl.res
C:\DelphiComp\jvcl\Resources\JvConsts.res
C:\DelphiComp\jvcl\Resources\JvToolEdit.res
plgwind.dfm
DEV_PluginCreator.res
DEV_PluginCreator.drf


Program entry point at 0001:00096BD0
